This is pdfTeX, Version 3.141592653-2.6-1.40.22 (TeX Live 2022/dev/Debian) (preloaded format=pdflatex 2024.3.16)  11 MAR 2026 13:20
entering extended mode
 restricted \write18 enabled.
 %&-line parsing enabled.
**figures/tensor_pipeline_3D.tex
(./figures/tensor_pipeline_3D.tex
LaTeX2e <2021-11-15> patch level 1
L3 programming layer <2022-01-21>
(/usr/share/texlive/texmf-dist/tex/latex/standalone/standalone.cls
Document Class: standalone 2018/03/26 v1.3a Class to compile TeX sub-files stan
dalone
(/usr/share/texlive/texmf-dist/tex/latex/tools/shellesc.sty
Package: shellesc 2019/11/08 v1.0c unified shell escape interface for LaTeX
Package shellesc Info: Restricted shell escape enabled on input line 77.
)
(/usr/share/texlive/texmf-dist/tex/generic/iftex/ifluatex.sty
Package: ifluatex 2019/10/25 v1.5 ifluatex legacy package. Use iftex instead.

(/usr/share/texlive/texmf-dist/tex/generic/iftex/iftex.sty
Package: iftex 2020/03/06 v1.0d TeX engine tests
))
(/usr/share/texlive/texmf-dist/tex/latex/xkeyval/xkeyval.sty
Package: xkeyval 2020/11/20 v2.8 package option processing (HA)

(/usr/share/texlive/texmf-dist/tex/generic/xkeyval/xkeyval.tex
(/usr/share/texlive/texmf-dist/tex/generic/xkeyval/xkvutils.tex
\XKV@toks=\toks16
\XKV@tempa@toks=\toks17

(/usr/share/texlive/texmf-dist/tex/generic/xkeyval/keyval.tex))
\XKV@depth=\count185
File: xkeyval.tex 2014/12/03 v2.7a key=value parser (HA)
))
\sa@internal=\count186
\c@sapage=\count187

(/usr/share/texlive/texmf-dist/tex/latex/standalone/standalone.cfg
File: standalone.cfg 2018/03/26 v1.3a Default configuration file for 'standalon
e' class
)
(/usr/share/texlive/texmf-dist/tex/latex/base/article.cls
Document Class: article 2021/10/04 v1.4n Standard LaTeX document class
(/usr/share/texlive/texmf-dist/tex/latex/base/size10.clo
File: size10.clo 2021/10/04 v1.4n Standard LaTeX file (size option)
)
\c@part=\count188
\c@section=\count189
\c@subsection=\count190
\c@subsubsection=\count191
\c@paragraph=\count192
\c@subparagraph=\count193
\c@figure=\count194
\c@table=\count195
\abovecaptionskip=\skip47
\belowcaptionskip=\skip48
\bibindent=\dimen138
)
(/usr/share/texlive/texmf-dist/tex/latex/pgf/frontendlayer/tikz.sty
(/usr/share/texlive/texmf-dist/tex/latex/pgf/basiclayer/pgf.sty
(/usr/share/texlive/texmf-dist/tex/latex/pgf/utilities/pgfrcs.sty
(/usr/share/texlive/texmf-dist/tex/generic/pgf/utilities/pgfutil-common.tex
\pgfutil@everybye=\toks18
\pgfutil@tempdima=\dimen139
\pgfutil@tempdimb=\dimen140

(/usr/share/texlive/texmf-dist/tex/generic/pgf/utilities/pgfutil-common-lists.t
ex)) (/usr/share/texlive/texmf-dist/tex/generic/pgf/utilities/pgfutil-latex.def
\pgfutil@abb=\box50
) (/usr/share/texlive/texmf-dist/tex/generic/pgf/utilities/pgfrcs.code.tex
(/usr/share/texlive/texmf-dist/tex/generic/pgf/pgf.revision.tex)
Package: pgfrcs 2021/05/15 v3.1.9a (3.1.9a)
))
Package: pgf 2021/05/15 v3.1.9a (3.1.9a)

(/usr/share/texlive/texmf-dist/tex/latex/pgf/basiclayer/pgfcore.sty
(/usr/share/texlive/texmf-dist/tex/latex/graphics/graphicx.sty
Package: graphicx 2021/09/16 v1.2d Enhanced LaTeX Graphics (DPC,SPQR)

(/usr/share/texlive/texmf-dist/tex/latex/graphics/graphics.sty
Package: graphics 2021/03/04 v1.4d Standard LaTeX Graphics (DPC,SPQR)

(/usr/share/texlive/texmf-dist/tex/latex/graphics/trig.sty
Package: trig 2021/08/11 v1.11 sin cos tan (DPC)
)
(/usr/share/texlive/texmf-dist/tex/latex/graphics-cfg/graphics.cfg
File: graphics.cfg 2016/06/04 v1.11 sample graphics configuration
)
Package graphics Info: Driver file: pdftex.def on input line 107.

(/usr/share/texlive/texmf-dist/tex/latex/graphics-def/pdftex.def
File: pdftex.def 2020/10/05 v1.2a Graphics/color driver for pdftex
))
\Gin@req@height=\dimen141
\Gin@req@width=\dimen142
)
(/usr/share/texlive/texmf-dist/tex/latex/pgf/systemlayer/pgfsys.sty
(/usr/share/texlive/texmf-dist/tex/generic/pgf/systemlayer/pgfsys.code.tex
Package: pgfsys 2021/05/15 v3.1.9a (3.1.9a)

(/usr/share/texlive/texmf-dist/tex/generic/pgf/utilities/pgfkeys.code.tex
\pgfkeys@pathtoks=\toks19
\pgfkeys@temptoks=\toks20

(/usr/share/texlive/texmf-dist/tex/generic/pgf/utilities/pgfkeysfiltered.code.t
ex
\pgfkeys@tmptoks=\toks21
))
\pgf@x=\dimen143
\pgf@y=\dimen144
\pgf@xa=\dimen145
\pgf@ya=\dimen146
\pgf@xb=\dimen147
\pgf@yb=\dimen148
\pgf@xc=\dimen149
\pgf@yc=\dimen150
\pgf@xd=\dimen151
\pgf@yd=\dimen152
\w@pgf@writea=\write3
\r@pgf@reada=\read2
\c@pgf@counta=\count196
\c@pgf@countb=\count197
\c@pgf@countc=\count198
\c@pgf@countd=\count199
\t@pgf@toka=\toks22
\t@pgf@tokb=\toks23
\t@pgf@tokc=\toks24
\pgf@sys@id@count=\count266
 (/usr/share/texlive/texmf-dist/tex/generic/pgf/systemlayer/pgf.cfg
File: pgf.cfg 2021/05/15 v3.1.9a (3.1.9a)
)
Driver file for pgf: pgfsys-pdftex.def

(/usr/share/texlive/texmf-dist/tex/generic/pgf/systemlayer/pgfsys-pdftex.def
File: pgfsys-pdftex.def 2021/05/15 v3.1.9a (3.1.9a)

(/usr/share/texlive/texmf-dist/tex/generic/pgf/systemlayer/pgfsys-common-pdf.de
f
File: pgfsys-common-pdf.def 2021/05/15 v3.1.9a (3.1.9a)
)))
(/usr/share/texlive/texmf-dist/tex/generic/pgf/systemlayer/pgfsyssoftpath.code.
tex
File: pgfsyssoftpath.code.tex 2021/05/15 v3.1.9a (3.1.9a)
\pgfsyssoftpath@smallbuffer@items=\count267
\pgfsyssoftpath@bigbuffer@items=\count268
)
(/usr/share/texlive/texmf-dist/tex/generic/pgf/systemlayer/pgfsysprotocol.code.
tex
File: pgfsysprotocol.code.tex 2021/05/15 v3.1.9a (3.1.9a)
)) (/usr/share/texlive/texmf-dist/tex/latex/xcolor/xcolor.sty
Package: xcolor 2021/10/31 v2.13 LaTeX color extensions (UK)

(/usr/share/texlive/texmf-dist/tex/latex/graphics-cfg/color.cfg
File: color.cfg 2016/01/02 v1.6 sample color configuration
)
Package xcolor Info: Driver file: pdftex.def on input line 227.
Package xcolor Info: Model `cmy' substituted by `cmy0' on input line 1352.
Package xcolor Info: Model `hsb' substituted by `rgb' on input line 1356.
Package xcolor Info: Model `RGB' extended on input line 1368.
Package xcolor Info: Model `HTML' substituted by `rgb' on input line 1370.
Package xcolor Info: Model `Hsb' substituted by `hsb' on input line 1371.
Package xcolor Info: Model `tHsb' substituted by `hsb' on input line 1372.
Package xcolor Info: Model `HSB' substituted by `hsb' on input line 1373.
Package xcolor Info: Model `Gray' substituted by `gray' on input line 1374.
Package xcolor Info: Model `wave' substituted by `hsb' on input line 1375.
)
(/usr/share/texlive/texmf-dist/tex/generic/pgf/basiclayer/pgfcore.code.tex
Package: pgfcore 2021/05/15 v3.1.9a (3.1.9a)

(/usr/share/texlive/texmf-dist/tex/generic/pgf/math/pgfmath.code.tex
(/usr/share/texlive/texmf-dist/tex/generic/pgf/math/pgfmathcalc.code.tex
(/usr/share/texlive/texmf-dist/tex/generic/pgf/math/pgfmathutil.code.tex)
(/usr/share/texlive/texmf-dist/tex/generic/pgf/math/pgfmathparser.code.tex
\pgfmath@dimen=\dimen153
\pgfmath@count=\count269
\pgfmath@box=\box51
\pgfmath@toks=\toks25
\pgfmath@stack@operand=\toks26
\pgfmath@stack@operation=\toks27
)
(/usr/share/texlive/texmf-dist/tex/generic/pgf/math/pgfmathfunctions.code.tex
(/usr/share/texlive/texmf-dist/tex/generic/pgf/math/pgfmathfunctions.basic.code
.tex)
(/usr/share/texlive/texmf-dist/tex/generic/pgf/math/pgfmathfunctions.trigonomet
ric.code.tex)
(/usr/share/texlive/texmf-dist/tex/generic/pgf/math/pgfmathfunctions.random.cod
e.tex)
(/usr/share/texlive/texmf-dist/tex/generic/pgf/math/pgfmathfunctions.comparison
.code.tex)
(/usr/share/texlive/texmf-dist/tex/generic/pgf/math/pgfmathfunctions.base.code.
tex)
(/usr/share/texlive/texmf-dist/tex/generic/pgf/math/pgfmathfunctions.round.code
.tex)
(/usr/share/texlive/texmf-dist/tex/generic/pgf/math/pgfmathfunctions.misc.code.
tex)
(/usr/share/texlive/texmf-dist/tex/generic/pgf/math/pgfmathfunctions.integerari
thmetics.code.tex)))
(/usr/share/texlive/texmf-dist/tex/generic/pgf/math/pgfmathfloat.code.tex
\c@pgfmathroundto@lastzeros=\count270
))
(/usr/share/texlive/texmf-dist/tex/generic/pgf/math/pgfint.code.tex)
(/usr/share/texlive/texmf-dist/tex/generic/pgf/basiclayer/pgfcorepoints.code.te
x
File: pgfcorepoints.code.tex 2021/05/15 v3.1.9a (3.1.9a)
\pgf@picminx=\dimen154
\pgf@picmaxx=\dimen155
\pgf@picminy=\dimen156
\pgf@picmaxy=\dimen157
\pgf@pathminx=\dimen158
\pgf@pathmaxx=\dimen159
\pgf@pathminy=\dimen160
\pgf@pathmaxy=\dimen161
\pgf@xx=\dimen162
\pgf@xy=\dimen163
\pgf@yx=\dimen164
\pgf@yy=\dimen165
\pgf@zx=\dimen166
\pgf@zy=\dimen167
)
(/usr/share/texlive/texmf-dist/tex/generic/pgf/basiclayer/pgfcorepathconstruct.
code.tex
File: pgfcorepathconstruct.code.tex 2021/05/15 v3.1.9a (3.1.9a)
\pgf@path@lastx=\dimen168
\pgf@path@lasty=\dimen169
)
(/usr/share/texlive/texmf-dist/tex/generic/pgf/basiclayer/pgfcorepathusage.code
.tex
File: pgfcorepathusage.code.tex 2021/05/15 v3.1.9a (3.1.9a)
\pgf@shorten@end@additional=\dimen170
\pgf@shorten@start@additional=\dimen171
)
(/usr/share/texlive/texmf-dist/tex/generic/pgf/basiclayer/pgfcorescopes.code.te
x
File: pgfcorescopes.code.tex 2021/05/15 v3.1.9a (3.1.9a)
\pgfpic=\box52
\pgf@hbox=\box53
\pgf@layerbox@main=\box54
\pgf@picture@serial@count=\count271
)
(/usr/share/texlive/texmf-dist/tex/generic/pgf/basiclayer/pgfcoregraphicstate.c
ode.tex
File: pgfcoregraphicstate.code.tex 2021/05/15 v3.1.9a (3.1.9a)
\pgflinewidth=\dimen172
)
(/usr/share/texlive/texmf-dist/tex/generic/pgf/basiclayer/pgfcoretransformation
s.code.tex
File: pgfcoretransformations.code.tex 2021/05/15 v3.1.9a (3.1.9a)
\pgf@pt@x=\dimen173
\pgf@pt@y=\dimen174
\pgf@pt@temp=\dimen175
)
(/usr/share/texlive/texmf-dist/tex/generic/pgf/basiclayer/pgfcorequick.code.tex
File: pgfcorequick.code.tex 2021/05/15 v3.1.9a (3.1.9a)
)
(/usr/share/texlive/texmf-dist/tex/generic/pgf/basiclayer/pgfcoreobjects.code.t
ex
File: pgfcoreobjects.code.tex 2021/05/15 v3.1.9a (3.1.9a)
)
(/usr/share/texlive/texmf-dist/tex/generic/pgf/basiclayer/pgfcorepathprocessing
.code.tex
File: pgfcorepathprocessing.code.tex 2021/05/15 v3.1.9a (3.1.9a)
)
(/usr/share/texlive/texmf-dist/tex/generic/pgf/basiclayer/pgfcorearrows.code.te
x
File: pgfcorearrows.code.tex 2021/05/15 v3.1.9a (3.1.9a)
\pgfarrowsep=\dimen176
)
(/usr/share/texlive/texmf-dist/tex/generic/pgf/basiclayer/pgfcoreshade.code.tex
File: pgfcoreshade.code.tex 2021/05/15 v3.1.9a (3.1.9a)
\pgf@max=\dimen177
\pgf@sys@shading@range@num=\count272
\pgf@shadingcount=\count273
)
(/usr/share/texlive/texmf-dist/tex/generic/pgf/basiclayer/pgfcoreimage.code.tex
File: pgfcoreimage.code.tex 2021/05/15 v3.1.9a (3.1.9a)

(/usr/share/texlive/texmf-dist/tex/generic/pgf/basiclayer/pgfcoreexternal.code.
tex
File: pgfcoreexternal.code.tex 2021/05/15 v3.1.9a (3.1.9a)
\pgfexternal@startupbox=\box55
))
(/usr/share/texlive/texmf-dist/tex/generic/pgf/basiclayer/pgfcorelayers.code.te
x
File: pgfcorelayers.code.tex 2021/05/15 v3.1.9a (3.1.9a)
)
(/usr/share/texlive/texmf-dist/tex/generic/pgf/basiclayer/pgfcoretransparency.c
ode.tex
File: pgfcoretransparency.code.tex 2021/05/15 v3.1.9a (3.1.9a)
)
(/usr/share/texlive/texmf-dist/tex/generic/pgf/basiclayer/pgfcorepatterns.code.
tex
File: pgfcorepatterns.code.tex 2021/05/15 v3.1.9a (3.1.9a)
)
(/usr/share/texlive/texmf-dist/tex/generic/pgf/basiclayer/pgfcorerdf.code.tex
File: pgfcorerdf.code.tex 2021/05/15 v3.1.9a (3.1.9a)
)))
(/usr/share/texlive/texmf-dist/tex/generic/pgf/modules/pgfmoduleshapes.code.tex
File: pgfmoduleshapes.code.tex 2021/05/15 v3.1.9a (3.1.9a)
\pgfnodeparttextbox=\box56
) (/usr/share/texlive/texmf-dist/tex/generic/pgf/modules/pgfmoduleplot.code.tex
File: pgfmoduleplot.code.tex 2021/05/15 v3.1.9a (3.1.9a)
)
(/usr/share/texlive/texmf-dist/tex/latex/pgf/compatibility/pgfcomp-version-0-65
.sty
Package: pgfcomp-version-0-65 2021/05/15 v3.1.9a (3.1.9a)
\pgf@nodesepstart=\dimen178
\pgf@nodesepend=\dimen179
)
(/usr/share/texlive/texmf-dist/tex/latex/pgf/compatibility/pgfcomp-version-1-18
.sty
Package: pgfcomp-version-1-18 2021/05/15 v3.1.9a (3.1.9a)
)) (/usr/share/texlive/texmf-dist/tex/latex/pgf/utilities/pgffor.sty
(/usr/share/texlive/texmf-dist/tex/latex/pgf/utilities/pgfkeys.sty
(/usr/share/texlive/texmf-dist/tex/generic/pgf/utilities/pgfkeys.code.tex))
(/usr/share/texlive/texmf-dist/tex/latex/pgf/math/pgfmath.sty
(/usr/share/texlive/texmf-dist/tex/generic/pgf/math/pgfmath.code.tex))
(/usr/share/texlive/texmf-dist/tex/generic/pgf/utilities/pgffor.code.tex
Package: pgffor 2021/05/15 v3.1.9a (3.1.9a)

(/usr/share/texlive/texmf-dist/tex/generic/pgf/math/pgfmath.code.tex)
\pgffor@iter=\dimen180
\pgffor@skip=\dimen181
\pgffor@stack=\toks28
\pgffor@toks=\toks29
))
(/usr/share/texlive/texmf-dist/tex/generic/pgf/frontendlayer/tikz/tikz.code.tex
Package: tikz 2021/05/15 v3.1.9a (3.1.9a)

(/usr/share/texlive/texmf-dist/tex/generic/pgf/libraries/pgflibraryplothandlers
.code.tex
File: pgflibraryplothandlers.code.tex 2021/05/15 v3.1.9a (3.1.9a)
\pgf@plot@mark@count=\count274
\pgfplotmarksize=\dimen182
)
\tikz@lastx=\dimen183
\tikz@lasty=\dimen184
\tikz@lastxsaved=\dimen185
\tikz@lastysaved=\dimen186
\tikz@lastmovetox=\dimen187
\tikz@lastmovetoy=\dimen188
\tikzleveldistance=\dimen189
\tikzsiblingdistance=\dimen190
\tikz@figbox=\box57
\tikz@figbox@bg=\box58
\tikz@tempbox=\box59
\tikz@tempbox@bg=\box60
\tikztreelevel=\count275
\tikznumberofchildren=\count276
\tikznumberofcurrentchild=\count277
\tikz@fig@count=\count278

(/usr/share/texlive/texmf-dist/tex/generic/pgf/modules/pgfmodulematrix.code.tex
File: pgfmodulematrix.code.tex 2021/05/15 v3.1.9a (3.1.9a)
\pgfmatrixcurrentrow=\count279
\pgfmatrixcurrentcolumn=\count280
\pgf@matrix@numberofcolumns=\count281
)
\tikz@expandcount=\count282

(/usr/share/texlive/texmf-dist/tex/generic/pgf/frontendlayer/tikz/libraries/tik
zlibrarytopaths.code.tex
File: tikzlibrarytopaths.code.tex 2021/05/15 v3.1.9a (3.1.9a)
)))
\sa@box=\box61
)
(/usr/share/texlive/texmf-dist/tex/latex/l3backend/l3backend-pdftex.def
File: l3backend-pdftex.def 2022-01-12 L3 backend support: PDF output (pdfTeX)
\l__color_backend_stack_int=\count283
\l__pdf_internal_box=\box62
)
(figures/tensor_pipeline_3D.aux)
\openout1 = `tensor_pipeline_3D.aux'.

LaTeX Font Info:    Checking defaults for OML/cmm/m/it on input line 3.
LaTeX Font Info:    ... okay on input line 3.
LaTeX Font Info:    Checking defaults for OMS/cmsy/m/n on input line 3.
LaTeX Font Info:    ... okay on input line 3.
LaTeX Font Info:    Checking defaults for OT1/cmr/m/n on input line 3.
LaTeX Font Info:    ... okay on input line 3.
LaTeX Font Info:    Checking defaults for T1/cmr/m/n on input line 3.
LaTeX Font Info:    ... okay on input line 3.
LaTeX Font Info:    Checking defaults for TS1/cmr/m/n on input line 3.
LaTeX Font Info:    ... okay on input line 3.
LaTeX Font Info:    Checking defaults for OMX/cmex/m/n on input line 3.
LaTeX Font Info:    ... okay on input line 3.
LaTeX Font Info:    Checking defaults for U/cmr/m/n on input line 3.
LaTeX Font Info:    ... okay on input line 3.

(/usr/share/texlive/texmf-dist/tex/context/base/mkii/supp-pdf.mkii
[Loading MPS to PDF converter (version 2006.09.02).]
\scratchcounter=\count284
\scratchdimen=\dimen191
\scratchbox=\box63
\nofMPsegments=\count285
\nofMParguments=\count286
\everyMPshowfont=\toks30
\MPscratchCnt=\count287
\MPscratchDim=\dimen192
\MPnumerator=\count288
\makeMPintoPDFobject=\count289
\everyMPtoPDFconversion=\toks31
) (/usr/share/texlive/texmf-dist/tex/latex/epstopdf-pkg/epstopdf-base.sty
Package: epstopdf-base 2020-01-24 v2.11 Base part for package epstopdf
Package epstopdf-base Info: Redefining graphics rule for `.eps' on input line 4
85.

(/usr/share/texlive/texmf-dist/tex/latex/latexconfig/epstopdf-sys.cfg
File: epstopdf-sys.cfg 2010/07/13 v1.3 Configuration of (r)epstopdf for TeX Liv
e
))
<slices/asip_sic_t0.png, id=4, 111.2958pt x 111.2958pt>
File: slices/asip_sic_t0.png Graphic file (type png)
<use slices/asip_sic_t0.png>
Package pdftex.def Info: slices/asip_sic_t0.png  used on input line 7.
(pdftex.def)             Requested size: 56.9055pt x 56.90614pt.
<slices/cimr_SIC_t0.png, id=6, 111.2958pt x 111.2958pt>
File: slices/cimr_SIC_t0.png Graphic file (type png)
<use slices/cimr_SIC_t0.png>
Package pdftex.def Info: slices/cimr_SIC_t0.png  used on input line 8.
(pdftex.def)             Requested size: 56.9055pt x 56.90614pt.
<slices/cimr_SIT_t0.png, id=7, 111.2958pt x 111.2958pt>
File: slices/cimr_SIT_t0.png Graphic file (type png)
<use slices/cimr_SIT_t0.png>
Package pdftex.def Info: slices/cimr_SIT_t0.png  used on input line 9.
(pdftex.def)             Requested size: 56.9055pt x 56.90614pt.
<slices/cristal_SIT_t0.png, id=8, 111.2958pt x 111.2958pt>
File: slices/cristal_SIT_t0.png Graphic file (type png)
<use slices/cristal_SIT_t0.png>
Package pdftex.def Info: slices/cristal_SIT_t0.png  used on input line 10.
(pdftex.def)             Requested size: 56.9055pt x 56.90614pt.
<slices/cristal_SSH_t0.png, id=9, 111.2958pt x 111.2958pt>
File: slices/cristal_SSH_t0.png Graphic file (type png)
<use slices/cristal_SSH_t0.png>
Package pdftex.def Info: slices/cristal_SSH_t0.png  used on input line 11.
(pdftex.def)             Requested size: 56.9055pt x 56.90614pt.
<slices/asip_sic_t1.png, id=10, 111.2958pt x 111.2958pt>
File: slices/asip_sic_t1.png Graphic file (type png)
<use slices/asip_sic_t1.png>
Package pdftex.def Info: slices/asip_sic_t1.png  used on input line 14.
(pdftex.def)             Requested size: 56.9055pt x 56.90614pt.
<slices/cimr_SIC_t1.png, id=11, 111.2958pt x 111.2958pt>
File: slices/cimr_SIC_t1.png Graphic file (type png)
<use slices/cimr_SIC_t1.png>
Package pdftex.def Info: slices/cimr_SIC_t1.png  used on input line 15.
(pdftex.def)             Requested size: 56.9055pt x 56.90614pt.
<slices/cimr_SIT_t1.png, id=12, 111.2958pt x 111.2958pt>
File: slices/cimr_SIT_t1.png Graphic file (type png)
<use slices/cimr_SIT_t1.png>
Package pdftex.def Info: slices/cimr_SIT_t1.png  used on input line 16.
(pdftex.def)             Requested size: 56.9055pt x 56.90614pt.
<slices/cristal_SIT_t1.png, id=13, 111.2958pt x 111.2958pt>
File: slices/cristal_SIT_t1.png Graphic file (type png)
<use slices/cristal_SIT_t1.png>
Package pdftex.def Info: slices/cristal_SIT_t1.png  used on input line 17.
(pdftex.def)             Requested size: 56.9055pt x 56.90614pt.
<slices/cristal_SSH_t1.png, id=14, 111.2958pt x 111.2958pt>
File: slices/cristal_SSH_t1.png Graphic file (type png)
<use slices/cristal_SSH_t1.png>
Package pdftex.def Info: slices/cristal_SSH_t1.png  used on input line 18.
(pdftex.def)             Requested size: 56.9055pt x 56.90614pt.
<slices/asip_sic_t2.png, id=15, 111.2958pt x 111.2958pt>
File: slices/asip_sic_t2.png Graphic file (type png)
<use slices/asip_sic_t2.png>
Package pdftex.def Info: slices/asip_sic_t2.png  used on input line 21.
(pdftex.def)             Requested size: 56.9055pt x 56.90614pt.
<slices/cimr_SIC_t2.png, id=16, 111.2958pt x 111.2958pt>
File: slices/cimr_SIC_t2.png Graphic file (type png)
<use slices/cimr_SIC_t2.png>
Package pdftex.def Info: slices/cimr_SIC_t2.png  used on input line 22.
(pdftex.def)             Requested size: 56.9055pt x 56.90614pt.
<slices/cimr_SIT_t2.png, id=17, 111.2958pt x 111.2958pt>
File: slices/cimr_SIT_t2.png Graphic file (type png)
<use slices/cimr_SIT_t2.png>
Package pdftex.def Info: slices/cimr_SIT_t2.png  used on input line 23.
(pdftex.def)             Requested size: 56.9055pt x 56.90614pt.
<slices/cristal_SIT_t2.png, id=18, 111.2958pt x 111.2958pt>
File: slices/cristal_SIT_t2.png Graphic file (type png)
<use slices/cristal_SIT_t2.png>
Package pdftex.def Info: slices/cristal_SIT_t2.png  used on input line 24.
(pdftex.def)             Requested size: 56.9055pt x 56.90614pt.
<slices/cristal_SSH_t2.png, id=19, 111.2958pt x 111.2958pt>
File: slices/cristal_SSH_t2.png Graphic file (type png)
<use slices/cristal_SSH_t2.png>
Package pdftex.def Info: slices/cristal_SSH_t2.png  used on input line 25.
(pdftex.def)             Requested size: 56.9055pt x 56.90614pt.
<slices/asip_sic_t3.png, id=20, 111.2958pt x 111.2958pt>
File: slices/asip_sic_t3.png Graphic file (type png)
<use slices/asip_sic_t3.png>
Package pdftex.def Info: slices/asip_sic_t3.png  used on input line 28.
(pdftex.def)             Requested size: 56.9055pt x 56.90614pt.
<slices/cimr_SIC_t3.png, id=21, 111.2958pt x 111.2958pt>
File: slices/cimr_SIC_t3.png Graphic file (type png)
<use slices/cimr_SIC_t3.png>
Package pdftex.def Info: slices/cimr_SIC_t3.png  used on input line 29.
(pdftex.def)             Requested size: 56.9055pt x 56.90614pt.
<slices/cimr_SIT_t3.png, id=22, 111.2958pt x 111.2958pt>
File: slices/cimr_SIT_t3.png Graphic file (type png)
<use slices/cimr_SIT_t3.png>
Package pdftex.def Info: slices/cimr_SIT_t3.png  used on input line 30.
(pdftex.def)             Requested size: 56.9055pt x 56.90614pt.
<slices/cristal_SIT_t3.png, id=23, 111.2958pt x 111.2958pt>
File: slices/cristal_SIT_t3.png Graphic file (type png)
<use slices/cristal_SIT_t3.png>
Package pdftex.def Info: slices/cristal_SIT_t3.png  used on input line 31.
(pdftex.def)             Requested size: 56.9055pt x 56.90614pt.
<slices/cristal_SSH_t3.png, id=24, 111.2958pt x 111.2958pt>
File: slices/cristal_SSH_t3.png Graphic file (type png)
<use slices/cristal_SSH_t3.png>
Package pdftex.def Info: slices/cristal_SSH_t3.png  used on input line 32.
(pdftex.def)             Requested size: 56.9055pt x 56.90614pt.
<slices/asip_sic_t4.png, id=25, 111.2958pt x 111.2958pt>
File: slices/asip_sic_t4.png Graphic file (type png)
<use slices/asip_sic_t4.png>
Package pdftex.def Info: slices/asip_sic_t4.png  used on input line 35.
(pdftex.def)             Requested size: 56.9055pt x 56.90614pt.
<slices/cimr_SIC_t4.png, id=26, 111.2958pt x 111.2958pt>
File: slices/cimr_SIC_t4.png Graphic file (type png)
<use slices/cimr_SIC_t4.png>
Package pdftex.def Info: slices/cimr_SIC_t4.png  used on input line 36.
(pdftex.def)             Requested size: 56.9055pt x 56.90614pt.
<slices/cimr_SIT_t4.png, id=27, 111.2958pt x 111.2958pt>
File: slices/cimr_SIT_t4.png Graphic file (type png)
<use slices/cimr_SIT_t4.png>
Package pdftex.def Info: slices/cimr_SIT_t4.png  used on input line 37.
(pdftex.def)             Requested size: 56.9055pt x 56.90614pt.
<slices/cristal_SIT_t4.png, id=28, 111.2958pt x 111.2958pt>
File: slices/cristal_SIT_t4.png Graphic file (type png)
<use slices/cristal_SIT_t4.png>
Package pdftex.def Info: slices/cristal_SIT_t4.png  used on input line 38.
(pdftex.def)             Requested size: 56.9055pt x 56.90614pt.
<slices/cristal_SSH_t4.png, id=29, 111.2958pt x 111.2958pt>
File: slices/cristal_SSH_t4.png Graphic file (type png)
<use slices/cristal_SSH_t4.png>
Package pdftex.def Info: slices/cristal_SSH_t4.png  used on input line 39.
(pdftex.def)             Requested size: 56.9055pt x 56.90614pt.
<slices/asip_sic_t5.png, id=30, 111.2958pt x 111.2958pt>
File: slices/asip_sic_t5.png Graphic file (type png)
<use slices/asip_sic_t5.png>
Package pdftex.def Info: slices/asip_sic_t5.png  used on input line 42.
(pdftex.def)             Requested size: 56.9055pt x 56.90614pt.
<slices/cimr_SIC_t5.png, id=31, 111.2958pt x 111.2958pt>
File: slices/cimr_SIC_t5.png Graphic file (type png)
<use slices/cimr_SIC_t5.png>
Package pdftex.def Info: slices/cimr_SIC_t5.png  used on input line 43.
(pdftex.def)             Requested size: 56.9055pt x 56.90614pt.
<slices/cimr_SIT_t5.png, id=32, 111.2958pt x 111.2958pt>
File: slices/cimr_SIT_t5.png Graphic file (type png)
<use slices/cimr_SIT_t5.png>
Package pdftex.def Info: slices/cimr_SIT_t5.png  used on input line 44.
(pdftex.def)             Requested size: 56.9055pt x 56.90614pt.
<slices/cristal_SIT_t5.png, id=33, 111.2958pt x 111.2958pt>
File: slices/cristal_SIT_t5.png Graphic file (type png)
<use slices/cristal_SIT_t5.png>
Package pdftex.def Info: slices/cristal_SIT_t5.png  used on input line 45.
(pdftex.def)             Requested size: 56.9055pt x 56.90614pt.
<slices/cristal_SSH_t5.png, id=34, 111.2958pt x 111.2958pt>
File: slices/cristal_SSH_t5.png Graphic file (type png)
<use slices/cristal_SSH_t5.png>
Package pdftex.def Info: slices/cristal_SSH_t5.png  used on input line 46.
(pdftex.def)             Requested size: 56.9055pt x 56.90614pt.
<slices/asip_sic_t6.png, id=35, 111.2958pt x 111.2958pt>
File: slices/asip_sic_t6.png Graphic file (type png)
<use slices/asip_sic_t6.png>
Package pdftex.def Info: slices/asip_sic_t6.png  used on input line 49.
(pdftex.def)             Requested size: 56.9055pt x 56.90614pt.
<slices/cimr_SIC_t6.png, id=36, 111.2958pt x 111.2958pt>
File: slices/cimr_SIC_t6.png Graphic file (type png)
<use slices/cimr_SIC_t6.png>
Package pdftex.def Info: slices/cimr_SIC_t6.png  used on input line 50.
(pdftex.def)             Requested size: 56.9055pt x 56.90614pt.
<slices/cimr_SIT_t6.png, id=37, 111.2958pt x 111.2958pt>
File: slices/cimr_SIT_t6.png Graphic file (type png)
<use slices/cimr_SIT_t6.png>
Package pdftex.def Info: slices/cimr_SIT_t6.png  used on input line 51.
(pdftex.def)             Requested size: 56.9055pt x 56.90614pt.
<slices/cristal_SIT_t6.png, id=38, 111.2958pt x 111.2958pt>
File: slices/cristal_SIT_t6.png Graphic file (type png)
<use slices/cristal_SIT_t6.png>
Package pdftex.def Info: slices/cristal_SIT_t6.png  used on input line 52.
(pdftex.def)             Requested size: 56.9055pt x 56.90614pt.
<slices/cristal_SSH_t6.png, id=39, 111.2958pt x 111.2958pt>
File: slices/cristal_SSH_t6.png Graphic file (type png)
<use slices/cristal_SSH_t6.png>
Package pdftex.def Info: slices/cristal_SSH_t6.png  used on input line 53.
(pdftex.def)             Requested size: 56.9055pt x 56.90614pt.
<slices/asip_sic_t7.png, id=40, 111.2958pt x 111.2958pt>
File: slices/asip_sic_t7.png Graphic file (type png)
<use slices/asip_sic_t7.png>
Package pdftex.def Info: slices/asip_sic_t7.png  used on input line 56.
(pdftex.def)             Requested size: 56.9055pt x 56.90614pt.
<slices/cimr_SIC_t7.png, id=41, 111.2958pt x 111.2958pt>
File: slices/cimr_SIC_t7.png Graphic file (type png)
<use slices/cimr_SIC_t7.png>
Package pdftex.def Info: slices/cimr_SIC_t7.png  used on input line 57.
(pdftex.def)             Requested size: 56.9055pt x 56.90614pt.
<slices/cimr_SIT_t7.png, id=42, 111.2958pt x 111.2958pt>
File: slices/cimr_SIT_t7.png Graphic file (type png)
<use slices/cimr_SIT_t7.png>
Package pdftex.def Info: slices/cimr_SIT_t7.png  used on input line 58.
(pdftex.def)             Requested size: 56.9055pt x 56.90614pt.
<slices/cristal_SIT_t7.png, id=43, 111.2958pt x 111.2958pt>
File: slices/cristal_SIT_t7.png Graphic file (type png)
<use slices/cristal_SIT_t7.png>
Package pdftex.def Info: slices/cristal_SIT_t7.png  used on input line 59.
(pdftex.def)             Requested size: 56.9055pt x 56.90614pt.
<slices/cristal_SSH_t7.png, id=44, 111.2958pt x 111.2958pt>
File: slices/cristal_SSH_t7.png Graphic file (type png)
<use slices/cristal_SSH_t7.png>
Package pdftex.def Info: slices/cristal_SSH_t7.png  used on input line 60.
(pdftex.def)             Requested size: 56.9055pt x 56.90614pt.
<slices/asip_sic_t8.png, id=45, 111.2958pt x 111.2958pt>
File: slices/asip_sic_t8.png Graphic file (type png)
<use slices/asip_sic_t8.png>
Package pdftex.def Info: slices/asip_sic_t8.png  used on input line 63.
(pdftex.def)             Requested size: 56.9055pt x 56.90614pt.
<slices/cimr_SIC_t8.png, id=46, 111.2958pt x 111.2958pt>
File: slices/cimr_SIC_t8.png Graphic file (type png)
<use slices/cimr_SIC_t8.png>
Package pdftex.def Info: slices/cimr_SIC_t8.png  used on input line 64.
(pdftex.def)             Requested size: 56.9055pt x 56.90614pt.
<slices/cimr_SIT_t8.png, id=47, 111.2958pt x 111.2958pt>
File: slices/cimr_SIT_t8.png Graphic file (type png)
<use slices/cimr_SIT_t8.png>
Package pdftex.def Info: slices/cimr_SIT_t8.png  used on input line 65.
(pdftex.def)             Requested size: 56.9055pt x 56.90614pt.
<slices/cristal_SIT_t8.png, id=48, 111.2958pt x 111.2958pt>
File: slices/cristal_SIT_t8.png Graphic file (type png)
<use slices/cristal_SIT_t8.png>
Package pdftex.def Info: slices/cristal_SIT_t8.png  used on input line 66.
(pdftex.def)             Requested size: 56.9055pt x 56.90614pt.
<slices/cristal_SSH_t8.png, id=49, 111.2958pt x 111.2958pt>
File: slices/cristal_SSH_t8.png Graphic file (type png)
<use slices/cristal_SSH_t8.png>
Package pdftex.def Info: slices/cristal_SSH_t8.png  used on input line 67.
(pdftex.def)             Requested size: 56.9055pt x 56.90614pt.
<slices/asip_sic_t9.png, id=50, 111.2958pt x 111.2958pt>
File: slices/asip_sic_t9.png Graphic file (type png)
<use slices/asip_sic_t9.png>
Package pdftex.def Info: slices/asip_sic_t9.png  used on input line 70.
(pdftex.def)             Requested size: 56.9055pt x 56.90614pt.
<slices/cimr_SIC_t9.png, id=51, 111.2958pt x 111.2958pt>
File: slices/cimr_SIC_t9.png Graphic file (type png)
<use slices/cimr_SIC_t9.png>
Package pdftex.def Info: slices/cimr_SIC_t9.png  used on input line 71.
(pdftex.def)             Requested size: 56.9055pt x 56.90614pt.
<slices/cimr_SIT_t9.png, id=52, 111.2958pt x 111.2958pt>
File: slices/cimr_SIT_t9.png Graphic file (type png)
<use slices/cimr_SIT_t9.png>
Package pdftex.def Info: slices/cimr_SIT_t9.png  used on input line 72.
(pdftex.def)             Requested size: 56.9055pt x 56.90614pt.
<slices/cristal_SIT_t9.png, id=53, 111.2958pt x 111.2958pt>
File: slices/cristal_SIT_t9.png Graphic file (type png)
<use slices/cristal_SIT_t9.png>
Package pdftex.def Info: slices/cristal_SIT_t9.png  used on input line 73.
(pdftex.def)             Requested size: 56.9055pt x 56.90614pt.
<slices/cristal_SSH_t9.png, id=54, 111.2958pt x 111.2958pt>
File: slices/cristal_SSH_t9.png Graphic file (type png)
<use slices/cristal_SSH_t9.png>
Package pdftex.def Info: slices/cristal_SSH_t9.png  used on input line 74.
(pdftex.def)             Requested size: 56.9055pt x 56.90614pt.
<slices/asip_sic_t10.png, id=55, 111.2958pt x 111.2958pt>
File: slices/asip_sic_t10.png Graphic file (type png)
<use slices/asip_sic_t10.png>
Package pdftex.def Info: slices/asip_sic_t10.png  used on input line 77.
(pdftex.def)             Requested size: 56.9055pt x 56.90614pt.
<slices/cimr_SIC_t10.png, id=56, 111.2958pt x 111.2958pt>
File: slices/cimr_SIC_t10.png Graphic file (type png)
<use slices/cimr_SIC_t10.png>
Package pdftex.def Info: slices/cimr_SIC_t10.png  used on input line 78.
(pdftex.def)             Requested size: 56.9055pt x 56.90614pt.
<slices/cimr_SIT_t10.png, id=57, 111.2958pt x 111.2958pt>
File: slices/cimr_SIT_t10.png Graphic file (type png)
<use slices/cimr_SIT_t10.png>
Package pdftex.def Info: slices/cimr_SIT_t10.png  used on input line 79.
(pdftex.def)             Requested size: 56.9055pt x 56.90614pt.
<slices/cristal_SIT_t10.png, id=58, 111.2958pt x 111.2958pt>
File: slices/cristal_SIT_t10.png Graphic file (type png)
<use slices/cristal_SIT_t10.png>
Package pdftex.def Info: slices/cristal_SIT_t10.png  used on input line 80.
(pdftex.def)             Requested size: 56.9055pt x 56.90614pt.
<slices/cristal_SSH_t10.png, id=59, 111.2958pt x 111.2958pt>
File: slices/cristal_SSH_t10.png Graphic file (type png)
<use slices/cristal_SSH_t10.png>
Package pdftex.def Info: slices/cristal_SSH_t10.png  used on input line 81.
(pdftex.def)             Requested size: 56.9055pt x 56.90614pt.
<slices/asip_sic_t11.png, id=60, 111.2958pt x 111.2958pt>
File: slices/asip_sic_t11.png Graphic file (type png)
<use slices/asip_sic_t11.png>
Package pdftex.def Info: slices/asip_sic_t11.png  used on input line 84.
(pdftex.def)             Requested size: 56.9055pt x 56.90614pt.
<slices/cimr_SIC_t11.png, id=61, 111.2958pt x 111.2958pt>
File: slices/cimr_SIC_t11.png Graphic file (type png)
<use slices/cimr_SIC_t11.png>
Package pdftex.def Info: slices/cimr_SIC_t11.png  used on input line 85.
(pdftex.def)             Requested size: 56.9055pt x 56.90614pt.
<slices/cimr_SIT_t11.png, id=62, 111.2958pt x 111.2958pt>
File: slices/cimr_SIT_t11.png Graphic file (type png)
<use slices/cimr_SIT_t11.png>
Package pdftex.def Info: slices/cimr_SIT_t11.png  used on input line 86.
(pdftex.def)             Requested size: 56.9055pt x 56.90614pt.
<slices/cristal_SIT_t11.png, id=63, 111.2958pt x 111.2958pt>
File: slices/cristal_SIT_t11.png Graphic file (type png)
<use slices/cristal_SIT_t11.png>
Package pdftex.def Info: slices/cristal_SIT_t11.png  used on input line 87.
(pdftex.def)             Requested size: 56.9055pt x 56.90614pt.
<slices/cristal_SSH_t11.png, id=64, 111.2958pt x 111.2958pt>
File: slices/cristal_SSH_t11.png Graphic file (type png)
<use slices/cristal_SSH_t11.png>
Package pdftex.def Info: slices/cristal_SSH_t11.png  used on input line 88.
(pdftex.def)             Requested size: 56.9055pt x 56.90614pt.
File: slices/cimr_SIC_t0.png Graphic file (type png)
<use slices/cimr_SIC_t0.png>
Package pdftex.def Info: slices/cimr_SIC_t0.png  used on input line 95.
(pdftex.def)             Requested size: 56.9055pt x 56.90614pt.
File: slices/cimr_SIC_t0.png Graphic file (type png)
<use slices/cimr_SIC_t0.png>
Package pdftex.def Info: slices/cimr_SIC_t0.png  used on input line 96.
(pdftex.def)             Requested size: 56.9055pt x 56.90614pt.
File: slices/cimr_SIT_t0.png Graphic file (type png)
<use slices/cimr_SIT_t0.png>
Package pdftex.def Info: slices/cimr_SIT_t0.png  used on input line 97.
(pdftex.def)             Requested size: 56.9055pt x 56.90614pt.
File: slices/cristal_SIT_t0.png Graphic file (type png)
<use slices/cristal_SIT_t0.png>
Package pdftex.def Info: slices/cristal_SIT_t0.png  used on input line 98.
(pdftex.def)             Requested size: 56.9055pt x 56.90614pt.
File: slices/cristal_SSH_t0.png Graphic file (type png)
<use slices/cristal_SSH_t0.png>
Package pdftex.def Info: slices/cristal_SSH_t0.png  used on input line 99.
(pdftex.def)             Requested size: 56.9055pt x 56.90614pt.
File: slices/cimr_SIC_t1.png Graphic file (type png)
<use slices/cimr_SIC_t1.png>
Package pdftex.def Info: slices/cimr_SIC_t1.png  used on input line 102.
(pdftex.def)             Requested size: 56.9055pt x 56.90614pt.
File: slices/cimr_SIC_t1.png Graphic file (type png)
<use slices/cimr_SIC_t1.png>
Package pdftex.def Info: slices/cimr_SIC_t1.png  used on input line 103.
(pdftex.def)             Requested size: 56.9055pt x 56.90614pt.
File: slices/cimr_SIT_t1.png Graphic file (type png)
<use slices/cimr_SIT_t1.png>
Package pdftex.def Info: slices/cimr_SIT_t1.png  used on input line 104.
(pdftex.def)             Requested size: 56.9055pt x 56.90614pt.
File: slices/cristal_SIT_t1.png Graphic file (type png)
<use slices/cristal_SIT_t1.png>
Package pdftex.def Info: slices/cristal_SIT_t1.png  used on input line 105.
(pdftex.def)             Requested size: 56.9055pt x 56.90614pt.
File: slices/cristal_SSH_t1.png Graphic file (type png)
<use slices/cristal_SSH_t1.png>
Package pdftex.def Info: slices/cristal_SSH_t1.png  used on input line 106.
(pdftex.def)             Requested size: 56.9055pt x 56.90614pt.
File: slices/cimr_SIC_t2.png Graphic file (type png)
<use slices/cimr_SIC_t2.png>
Package pdftex.def Info: slices/cimr_SIC_t2.png  used on input line 109.
(pdftex.def)             Requested size: 56.9055pt x 56.90614pt.
File: slices/cimr_SIC_t2.png Graphic file (type png)
<use slices/cimr_SIC_t2.png>
Package pdftex.def Info: slices/cimr_SIC_t2.png  used on input line 110.
(pdftex.def)             Requested size: 56.9055pt x 56.90614pt.
File: slices/cimr_SIT_t2.png Graphic file (type png)
<use slices/cimr_SIT_t2.png>
Package pdftex.def Info: slices/cimr_SIT_t2.png  used on input line 111.
(pdftex.def)             Requested size: 56.9055pt x 56.90614pt.
File: slices/cristal_SIT_t2.png Graphic file (type png)
<use slices/cristal_SIT_t2.png>
Package pdftex.def Info: slices/cristal_SIT_t2.png  used on input line 112.
(pdftex.def)             Requested size: 56.9055pt x 56.90614pt.
File: slices/cristal_SSH_t2.png Graphic file (type png)
<use slices/cristal_SSH_t2.png>
Package pdftex.def Info: slices/cristal_SSH_t2.png  used on input line 113.
(pdftex.def)             Requested size: 56.9055pt x 56.90614pt.
File: slices/cimr_SIC_t3.png Graphic file (type png)
<use slices/cimr_SIC_t3.png>
Package pdftex.def Info: slices/cimr_SIC_t3.png  used on input line 116.
(pdftex.def)             Requested size: 56.9055pt x 56.90614pt.
File: slices/cimr_SIC_t3.png Graphic file (type png)
<use slices/cimr_SIC_t3.png>
Package pdftex.def Info: slices/cimr_SIC_t3.png  used on input line 117.
(pdftex.def)             Requested size: 56.9055pt x 56.90614pt.
File: slices/cimr_SIT_t3.png Graphic file (type png)
<use slices/cimr_SIT_t3.png>
Package pdftex.def Info: slices/cimr_SIT_t3.png  used on input line 118.
(pdftex.def)             Requested size: 56.9055pt x 56.90614pt.
File: slices/cristal_SIT_t3.png Graphic file (type png)
<use slices/cristal_SIT_t3.png>
Package pdftex.def Info: slices/cristal_SIT_t3.png  used on input line 119.
(pdftex.def)             Requested size: 56.9055pt x 56.90614pt.
File: slices/cristal_SSH_t3.png Graphic file (type png)
<use slices/cristal_SSH_t3.png>
Package pdftex.def Info: slices/cristal_SSH_t3.png  used on input line 120.
(pdftex.def)             Requested size: 56.9055pt x 56.90614pt.
File: slices/cimr_SIC_t4.png Graphic file (type png)
<use slices/cimr_SIC_t4.png>
Package pdftex.def Info: slices/cimr_SIC_t4.png  used on input line 123.
(pdftex.def)             Requested size: 56.9055pt x 56.90614pt.
File: slices/cimr_SIC_t4.png Graphic file (type png)
<use slices/cimr_SIC_t4.png>
Package pdftex.def Info: slices/cimr_SIC_t4.png  used on input line 124.
(pdftex.def)             Requested size: 56.9055pt x 56.90614pt.
File: slices/cimr_SIT_t4.png Graphic file (type png)
<use slices/cimr_SIT_t4.png>
Package pdftex.def Info: slices/cimr_SIT_t4.png  used on input line 125.
(pdftex.def)             Requested size: 56.9055pt x 56.90614pt.
File: slices/cristal_SIT_t4.png Graphic file (type png)
<use slices/cristal_SIT_t4.png>
Package pdftex.def Info: slices/cristal_SIT_t4.png  used on input line 126.
(pdftex.def)             Requested size: 56.9055pt x 56.90614pt.
File: slices/cristal_SSH_t4.png Graphic file (type png)
<use slices/cristal_SSH_t4.png>
Package pdftex.def Info: slices/cristal_SSH_t4.png  used on input line 127.
(pdftex.def)             Requested size: 56.9055pt x 56.90614pt.
File: slices/cimr_SIC_t5.png Graphic file (type png)
<use slices/cimr_SIC_t5.png>
Package pdftex.def Info: slices/cimr_SIC_t5.png  used on input line 130.
(pdftex.def)             Requested size: 56.9055pt x 56.90614pt.
File: slices/cimr_SIC_t5.png Graphic file (type png)
<use slices/cimr_SIC_t5.png>
Package pdftex.def Info: slices/cimr_SIC_t5.png  used on input line 131.
(pdftex.def)             Requested size: 56.9055pt x 56.90614pt.
File: slices/cimr_SIT_t5.png Graphic file (type png)
<use slices/cimr_SIT_t5.png>
Package pdftex.def Info: slices/cimr_SIT_t5.png  used on input line 132.
(pdftex.def)             Requested size: 56.9055pt x 56.90614pt.
File: slices/cristal_SIT_t5.png Graphic file (type png)
<use slices/cristal_SIT_t5.png>
Package pdftex.def Info: slices/cristal_SIT_t5.png  used on input line 133.
(pdftex.def)             Requested size: 56.9055pt x 56.90614pt.
File: slices/cristal_SSH_t5.png Graphic file (type png)
<use slices/cristal_SSH_t5.png>
Package pdftex.def Info: slices/cristal_SSH_t5.png  used on input line 134.
(pdftex.def)             Requested size: 56.9055pt x 56.90614pt.
File: slices/cimr_SIC_t6.png Graphic file (type png)
<use slices/cimr_SIC_t6.png>
Package pdftex.def Info: slices/cimr_SIC_t6.png  used on input line 137.
(pdftex.def)             Requested size: 56.9055pt x 56.90614pt.
File: slices/cimr_SIC_t6.png Graphic file (type png)
<use slices/cimr_SIC_t6.png>
Package pdftex.def Info: slices/cimr_SIC_t6.png  used on input line 138.
(pdftex.def)             Requested size: 56.9055pt x 56.90614pt.
File: slices/cimr_SIT_t6.png Graphic file (type png)
<use slices/cimr_SIT_t6.png>
Package pdftex.def Info: slices/cimr_SIT_t6.png  used on input line 139.
(pdftex.def)             Requested size: 56.9055pt x 56.90614pt.
File: slices/cristal_SIT_t6.png Graphic file (type png)
<use slices/cristal_SIT_t6.png>
Package pdftex.def Info: slices/cristal_SIT_t6.png  used on input line 140.
(pdftex.def)             Requested size: 56.9055pt x 56.90614pt.
File: slices/cristal_SSH_t6.png Graphic file (type png)
<use slices/cristal_SSH_t6.png>
Package pdftex.def Info: slices/cristal_SSH_t6.png  used on input line 141.
(pdftex.def)             Requested size: 56.9055pt x 56.90614pt.
File: slices/cimr_SIC_t7.png Graphic file (type png)
<use slices/cimr_SIC_t7.png>
Package pdftex.def Info: slices/cimr_SIC_t7.png  used on input line 144.
(pdftex.def)             Requested size: 56.9055pt x 56.90614pt.
File: slices/cimr_SIC_t7.png Graphic file (type png)
<use slices/cimr_SIC_t7.png>
Package pdftex.def Info: slices/cimr_SIC_t7.png  used on input line 145.
(pdftex.def)             Requested size: 56.9055pt x 56.90614pt.
File: slices/cimr_SIT_t7.png Graphic file (type png)
<use slices/cimr_SIT_t7.png>
Package pdftex.def Info: slices/cimr_SIT_t7.png  used on input line 146.
(pdftex.def)             Requested size: 56.9055pt x 56.90614pt.
File: slices/cristal_SIT_t7.png Graphic file (type png)
<use slices/cristal_SIT_t7.png>
Package pdftex.def Info: slices/cristal_SIT_t7.png  used on input line 147.
(pdftex.def)             Requested size: 56.9055pt x 56.90614pt.
File: slices/cristal_SSH_t7.png Graphic file (type png)
<use slices/cristal_SSH_t7.png>
Package pdftex.def Info: slices/cristal_SSH_t7.png  used on input line 148.
(pdftex.def)             Requested size: 56.9055pt x 56.90614pt.
File: slices/cimr_SIC_t8.png Graphic file (type png)
<use slices/cimr_SIC_t8.png>
Package pdftex.def Info: slices/cimr_SIC_t8.png  used on input line 151.
(pdftex.def)             Requested size: 56.9055pt x 56.90614pt.
File: slices/cimr_SIC_t8.png Graphic file (type png)
<use slices/cimr_SIC_t8.png>
Package pdftex.def Info: slices/cimr_SIC_t8.png  used on input line 152.
(pdftex.def)             Requested size: 56.9055pt x 56.90614pt.
File: slices/cimr_SIT_t8.png Graphic file (type png)
<use slices/cimr_SIT_t8.png>
Package pdftex.def Info: slices/cimr_SIT_t8.png  used on input line 153.
(pdftex.def)             Requested size: 56.9055pt x 56.90614pt.
File: slices/cristal_SIT_t8.png Graphic file (type png)
<use slices/cristal_SIT_t8.png>
Package pdftex.def Info: slices/cristal_SIT_t8.png  used on input line 154.
(pdftex.def)             Requested size: 56.9055pt x 56.90614pt.
File: slices/cristal_SSH_t8.png Graphic file (type png)
<use slices/cristal_SSH_t8.png>
Package pdftex.def Info: slices/cristal_SSH_t8.png  used on input line 155.
(pdftex.def)             Requested size: 56.9055pt x 56.90614pt.
File: slices/cimr_SIC_t9.png Graphic file (type png)
<use slices/cimr_SIC_t9.png>
Package pdftex.def Info: slices/cimr_SIC_t9.png  used on input line 158.
(pdftex.def)             Requested size: 56.9055pt x 56.90614pt.
File: slices/cimr_SIC_t9.png Graphic file (type png)
<use slices/cimr_SIC_t9.png>
Package pdftex.def Info: slices/cimr_SIC_t9.png  used on input line 159.
(pdftex.def)             Requested size: 56.9055pt x 56.90614pt.
File: slices/cimr_SIT_t9.png Graphic file (type png)
<use slices/cimr_SIT_t9.png>
Package pdftex.def Info: slices/cimr_SIT_t9.png  used on input line 160.
(pdftex.def)             Requested size: 56.9055pt x 56.90614pt.
File: slices/cristal_SIT_t9.png Graphic file (type png)
<use slices/cristal_SIT_t9.png>
Package pdftex.def Info: slices/cristal_SIT_t9.png  used on input line 161.
(pdftex.def)             Requested size: 56.9055pt x 56.90614pt.
File: slices/cristal_SSH_t9.png Graphic file (type png)
<use slices/cristal_SSH_t9.png>
Package pdftex.def Info: slices/cristal_SSH_t9.png  used on input line 162.
(pdftex.def)             Requested size: 56.9055pt x 56.90614pt.
File: slices/cimr_SIC_t10.png Graphic file (type png)
<use slices/cimr_SIC_t10.png>
Package pdftex.def Info: slices/cimr_SIC_t10.png  used on input line 165.
(pdftex.def)             Requested size: 56.9055pt x 56.90614pt.
File: slices/cimr_SIC_t10.png Graphic file (type png)
<use slices/cimr_SIC_t10.png>
Package pdftex.def Info: slices/cimr_SIC_t10.png  used on input line 166.
(pdftex.def)             Requested size: 56.9055pt x 56.90614pt.
File: slices/cimr_SIT_t10.png Graphic file (type png)
<use slices/cimr_SIT_t10.png>
Package pdftex.def Info: slices/cimr_SIT_t10.png  used on input line 167.
(pdftex.def)             Requested size: 56.9055pt x 56.90614pt.
File: slices/cristal_SIT_t10.png Graphic file (type png)
<use slices/cristal_SIT_t10.png>
Package pdftex.def Info: slices/cristal_SIT_t10.png  used on input line 168.
(pdftex.def)             Requested size: 56.9055pt x 56.90614pt.
File: slices/cristal_SSH_t10.png Graphic file (type png)
<use slices/cristal_SSH_t10.png>
Package pdftex.def Info: slices/cristal_SSH_t10.png  used on input line 169.
(pdftex.def)             Requested size: 56.9055pt x 56.90614pt.
File: slices/cimr_SIC_t11.png Graphic file (type png)
<use slices/cimr_SIC_t11.png>
Package pdftex.def Info: slices/cimr_SIC_t11.png  used on input line 172.
(pdftex.def)             Requested size: 56.9055pt x 56.90614pt.
File: slices/cimr_SIC_t11.png Graphic file (type png)
<use slices/cimr_SIC_t11.png>
Package pdftex.def Info: slices/cimr_SIC_t11.png  used on input line 173.
(pdftex.def)             Requested size: 56.9055pt x 56.90614pt.
File: slices/cimr_SIT_t11.png Graphic file (type png)
<use slices/cimr_SIT_t11.png>
Package pdftex.def Info: slices/cimr_SIT_t11.png  used on input line 174.
(pdftex.def)             Requested size: 56.9055pt x 56.90614pt.
File: slices/cristal_SIT_t11.png Graphic file (type png)
<use slices/cristal_SIT_t11.png>
Package pdftex.def Info: slices/cristal_SIT_t11.png  used on input line 175.
(pdftex.def)             Requested size: 56.9055pt x 56.90614pt.
File: slices/cristal_SSH_t11.png Graphic file (type png)
<use slices/cristal_SSH_t11.png>
Package pdftex.def Info: slices/cristal_SSH_t11.png  used on input line 176.
(pdftex.def)             Requested size: 56.9055pt x 56.90614pt.
File: slices/cimr_SIT_t0.png Graphic file (type png)
<use slices/cimr_SIT_t0.png>
Package pdftex.def Info: slices/cimr_SIT_t0.png  used on input line 183.
(pdftex.def)             Requested size: 56.9055pt x 56.90614pt.
File: slices/cimr_SIC_t0.png Graphic file (type png)
<use slices/cimr_SIC_t0.png>
Package pdftex.def Info: slices/cimr_SIC_t0.png  used on input line 184.
(pdftex.def)             Requested size: 56.9055pt x 56.90614pt.
File: slices/cimr_SIT_t0.png Graphic file (type png)
<use slices/cimr_SIT_t0.png>
Package pdftex.def Info: slices/cimr_SIT_t0.png  used on input line 185.
(pdftex.def)             Requested size: 56.9055pt x 56.90614pt.
File: slices/cristal_SIT_t0.png Graphic file (type png)
<use slices/cristal_SIT_t0.png>
Package pdftex.def Info: slices/cristal_SIT_t0.png  used on input line 186.
(pdftex.def)             Requested size: 56.9055pt x 56.90614pt.
File: slices/cristal_SSH_t0.png Graphic file (type png)
<use slices/cristal_SSH_t0.png>
Package pdftex.def Info: slices/cristal_SSH_t0.png  used on input line 187.
(pdftex.def)             Requested size: 56.9055pt x 56.90614pt.
File: slices/cimr_SIT_t1.png Graphic file (type png)
<use slices/cimr_SIT_t1.png>
Package pdftex.def Info: slices/cimr_SIT_t1.png  used on input line 190.
(pdftex.def)             Requested size: 56.9055pt x 56.90614pt.
File: slices/cimr_SIC_t1.png Graphic file (type png)
<use slices/cimr_SIC_t1.png>
Package pdftex.def Info: slices/cimr_SIC_t1.png  used on input line 191.
(pdftex.def)             Requested size: 56.9055pt x 56.90614pt.
File: slices/cimr_SIT_t1.png Graphic file (type png)
<use slices/cimr_SIT_t1.png>
Package pdftex.def Info: slices/cimr_SIT_t1.png  used on input line 192.
(pdftex.def)             Requested size: 56.9055pt x 56.90614pt.
File: slices/cristal_SIT_t1.png Graphic file (type png)
<use slices/cristal_SIT_t1.png>
Package pdftex.def Info: slices/cristal_SIT_t1.png  used on input line 193.
(pdftex.def)             Requested size: 56.9055pt x 56.90614pt.
File: slices/cristal_SSH_t1.png Graphic file (type png)
<use slices/cristal_SSH_t1.png>
Package pdftex.def Info: slices/cristal_SSH_t1.png  used on input line 194.
(pdftex.def)             Requested size: 56.9055pt x 56.90614pt.
File: slices/cimr_SIT_t2.png Graphic file (type png)
<use slices/cimr_SIT_t2.png>
Package pdftex.def Info: slices/cimr_SIT_t2.png  used on input line 197.
(pdftex.def)             Requested size: 56.9055pt x 56.90614pt.
File: slices/cimr_SIC_t2.png Graphic file (type png)
<use slices/cimr_SIC_t2.png>
Package pdftex.def Info: slices/cimr_SIC_t2.png  used on input line 198.
(pdftex.def)             Requested size: 56.9055pt x 56.90614pt.
File: slices/cimr_SIT_t2.png Graphic file (type png)
<use slices/cimr_SIT_t2.png>
Package pdftex.def Info: slices/cimr_SIT_t2.png  used on input line 199.
(pdftex.def)             Requested size: 56.9055pt x 56.90614pt.
File: slices/cristal_SIT_t2.png Graphic file (type png)
<use slices/cristal_SIT_t2.png>
Package pdftex.def Info: slices/cristal_SIT_t2.png  used on input line 200.
(pdftex.def)             Requested size: 56.9055pt x 56.90614pt.
File: slices/cristal_SSH_t2.png Graphic file (type png)
<use slices/cristal_SSH_t2.png>
Package pdftex.def Info: slices/cristal_SSH_t2.png  used on input line 201.
(pdftex.def)             Requested size: 56.9055pt x 56.90614pt.
File: slices/cimr_SIT_t3.png Graphic file (type png)
<use slices/cimr_SIT_t3.png>
Package pdftex.def Info: slices/cimr_SIT_t3.png  used on input line 204.
(pdftex.def)             Requested size: 56.9055pt x 56.90614pt.
File: slices/cimr_SIC_t3.png Graphic file (type png)
<use slices/cimr_SIC_t3.png>
Package pdftex.def Info: slices/cimr_SIC_t3.png  used on input line 205.
(pdftex.def)             Requested size: 56.9055pt x 56.90614pt.
File: slices/cimr_SIT_t3.png Graphic file (type png)
<use slices/cimr_SIT_t3.png>
Package pdftex.def Info: slices/cimr_SIT_t3.png  used on input line 206.
(pdftex.def)             Requested size: 56.9055pt x 56.90614pt.
File: slices/cristal_SIT_t3.png Graphic file (type png)
<use slices/cristal_SIT_t3.png>
Package pdftex.def Info: slices/cristal_SIT_t3.png  used on input line 207.
(pdftex.def)             Requested size: 56.9055pt x 56.90614pt.
File: slices/cristal_SSH_t3.png Graphic file (type png)
<use slices/cristal_SSH_t3.png>
Package pdftex.def Info: slices/cristal_SSH_t3.png  used on input line 208.
(pdftex.def)             Requested size: 56.9055pt x 56.90614pt.
File: slices/cimr_SIT_t4.png Graphic file (type png)
<use slices/cimr_SIT_t4.png>
Package pdftex.def Info: slices/cimr_SIT_t4.png  used on input line 211.
(pdftex.def)             Requested size: 56.9055pt x 56.90614pt.
File: slices/cimr_SIC_t4.png Graphic file (type png)
<use slices/cimr_SIC_t4.png>
Package pdftex.def Info: slices/cimr_SIC_t4.png  used on input line 212.
(pdftex.def)             Requested size: 56.9055pt x 56.90614pt.
File: slices/cimr_SIT_t4.png Graphic file (type png)
<use slices/cimr_SIT_t4.png>
Package pdftex.def Info: slices/cimr_SIT_t4.png  used on input line 213.
(pdftex.def)             Requested size: 56.9055pt x 56.90614pt.
File: slices/cristal_SIT_t4.png Graphic file (type png)
<use slices/cristal_SIT_t4.png>
Package pdftex.def Info: slices/cristal_SIT_t4.png  used on input line 214.
(pdftex.def)             Requested size: 56.9055pt x 56.90614pt.
File: slices/cristal_SSH_t4.png Graphic file (type png)
<use slices/cristal_SSH_t4.png>
Package pdftex.def Info: slices/cristal_SSH_t4.png  used on input line 215.
(pdftex.def)             Requested size: 56.9055pt x 56.90614pt.
File: slices/cimr_SIT_t5.png Graphic file (type png)
<use slices/cimr_SIT_t5.png>
Package pdftex.def Info: slices/cimr_SIT_t5.png  used on input line 218.
(pdftex.def)             Requested size: 56.9055pt x 56.90614pt.
File: slices/cimr_SIC_t5.png Graphic file (type png)
<use slices/cimr_SIC_t5.png>
Package pdftex.def Info: slices/cimr_SIC_t5.png  used on input line 219.
(pdftex.def)             Requested size: 56.9055pt x 56.90614pt.
File: slices/cimr_SIT_t5.png Graphic file (type png)
<use slices/cimr_SIT_t5.png>
Package pdftex.def Info: slices/cimr_SIT_t5.png  used on input line 220.
(pdftex.def)             Requested size: 56.9055pt x 56.90614pt.
File: slices/cristal_SIT_t5.png Graphic file (type png)
<use slices/cristal_SIT_t5.png>
Package pdftex.def Info: slices/cristal_SIT_t5.png  used on input line 221.
(pdftex.def)             Requested size: 56.9055pt x 56.90614pt.
File: slices/cristal_SSH_t5.png Graphic file (type png)
<use slices/cristal_SSH_t5.png>
Package pdftex.def Info: slices/cristal_SSH_t5.png  used on input line 222.
(pdftex.def)             Requested size: 56.9055pt x 56.90614pt.
File: slices/cimr_SIT_t6.png Graphic file (type png)
<use slices/cimr_SIT_t6.png>
Package pdftex.def Info: slices/cimr_SIT_t6.png  used on input line 225.
(pdftex.def)             Requested size: 56.9055pt x 56.90614pt.
File: slices/cimr_SIC_t6.png Graphic file (type png)
<use slices/cimr_SIC_t6.png>
Package pdftex.def Info: slices/cimr_SIC_t6.png  used on input line 226.
(pdftex.def)             Requested size: 56.9055pt x 56.90614pt.
File: slices/cimr_SIT_t6.png Graphic file (type png)
<use slices/cimr_SIT_t6.png>
Package pdftex.def Info: slices/cimr_SIT_t6.png  used on input line 227.
(pdftex.def)             Requested size: 56.9055pt x 56.90614pt.
File: slices/cristal_SIT_t6.png Graphic file (type png)
<use slices/cristal_SIT_t6.png>
Package pdftex.def Info: slices/cristal_SIT_t6.png  used on input line 228.
(pdftex.def)             Requested size: 56.9055pt x 56.90614pt.
File: slices/cristal_SSH_t6.png Graphic file (type png)
<use slices/cristal_SSH_t6.png>
Package pdftex.def Info: slices/cristal_SSH_t6.png  used on input line 229.
(pdftex.def)             Requested size: 56.9055pt x 56.90614pt.
File: slices/cimr_SIT_t7.png Graphic file (type png)
<use slices/cimr_SIT_t7.png>
Package pdftex.def Info: slices/cimr_SIT_t7.png  used on input line 232.
(pdftex.def)             Requested size: 56.9055pt x 56.90614pt.
File: slices/cimr_SIC_t7.png Graphic file (type png)
<use slices/cimr_SIC_t7.png>
Package pdftex.def Info: slices/cimr_SIC_t7.png  used on input line 233.
(pdftex.def)             Requested size: 56.9055pt x 56.90614pt.
File: slices/cimr_SIT_t7.png Graphic file (type png)
<use slices/cimr_SIT_t7.png>
Package pdftex.def Info: slices/cimr_SIT_t7.png  used on input line 234.
(pdftex.def)             Requested size: 56.9055pt x 56.90614pt.
File: slices/cristal_SIT_t7.png Graphic file (type png)
<use slices/cristal_SIT_t7.png>
Package pdftex.def Info: slices/cristal_SIT_t7.png  used on input line 235.
(pdftex.def)             Requested size: 56.9055pt x 56.90614pt.
File: slices/cristal_SSH_t7.png Graphic file (type png)
<use slices/cristal_SSH_t7.png>
Package pdftex.def Info: slices/cristal_SSH_t7.png  used on input line 236.
(pdftex.def)             Requested size: 56.9055pt x 56.90614pt.
File: slices/cimr_SIT_t8.png Graphic file (type png)
<use slices/cimr_SIT_t8.png>
Package pdftex.def Info: slices/cimr_SIT_t8.png  used on input line 239.
(pdftex.def)             Requested size: 56.9055pt x 56.90614pt.
File: slices/cimr_SIC_t8.png Graphic file (type png)
<use slices/cimr_SIC_t8.png>
Package pdftex.def Info: slices/cimr_SIC_t8.png  used on input line 240.
(pdftex.def)             Requested size: 56.9055pt x 56.90614pt.
File: slices/cimr_SIT_t8.png Graphic file (type png)
<use slices/cimr_SIT_t8.png>
Package pdftex.def Info: slices/cimr_SIT_t8.png  used on input line 241.
(pdftex.def)             Requested size: 56.9055pt x 56.90614pt.
File: slices/cristal_SIT_t8.png Graphic file (type png)
<use slices/cristal_SIT_t8.png>
Package pdftex.def Info: slices/cristal_SIT_t8.png  used on input line 242.
(pdftex.def)             Requested size: 56.9055pt x 56.90614pt.
File: slices/cristal_SSH_t8.png Graphic file (type png)
<use slices/cristal_SSH_t8.png>
Package pdftex.def Info: slices/cristal_SSH_t8.png  used on input line 243.
(pdftex.def)             Requested size: 56.9055pt x 56.90614pt.
File: slices/cimr_SIT_t9.png Graphic file (type png)
<use slices/cimr_SIT_t9.png>
Package pdftex.def Info: slices/cimr_SIT_t9.png  used on input line 246.
(pdftex.def)             Requested size: 56.9055pt x 56.90614pt.
File: slices/cimr_SIC_t9.png Graphic file (type png)
<use slices/cimr_SIC_t9.png>
Package pdftex.def Info: slices/cimr_SIC_t9.png  used on input line 247.
(pdftex.def)             Requested size: 56.9055pt x 56.90614pt.
File: slices/cimr_SIT_t9.png Graphic file (type png)
<use slices/cimr_SIT_t9.png>
Package pdftex.def Info: slices/cimr_SIT_t9.png  used on input line 248.
(pdftex.def)             Requested size: 56.9055pt x 56.90614pt.
File: slices/cristal_SIT_t9.png Graphic file (type png)
<use slices/cristal_SIT_t9.png>
Package pdftex.def Info: slices/cristal_SIT_t9.png  used on input line 249.
(pdftex.def)             Requested size: 56.9055pt x 56.90614pt.
File: slices/cristal_SSH_t9.png Graphic file (type png)
<use slices/cristal_SSH_t9.png>
Package pdftex.def Info: slices/cristal_SSH_t9.png  used on input line 250.
(pdftex.def)             Requested size: 56.9055pt x 56.90614pt.
File: slices/cimr_SIT_t10.png Graphic file (type png)
<use slices/cimr_SIT_t10.png>
Package pdftex.def Info: slices/cimr_SIT_t10.png  used on input line 253.
(pdftex.def)             Requested size: 56.9055pt x 56.90614pt.
File: slices/cimr_SIC_t10.png Graphic file (type png)
<use slices/cimr_SIC_t10.png>
Package pdftex.def Info: slices/cimr_SIC_t10.png  used on input line 254.
(pdftex.def)             Requested size: 56.9055pt x 56.90614pt.
File: slices/cimr_SIT_t10.png Graphic file (type png)
<use slices/cimr_SIT_t10.png>
Package pdftex.def Info: slices/cimr_SIT_t10.png  used on input line 255.
(pdftex.def)             Requested size: 56.9055pt x 56.90614pt.
File: slices/cristal_SIT_t10.png Graphic file (type png)
<use slices/cristal_SIT_t10.png>
Package pdftex.def Info: slices/cristal_SIT_t10.png  used on input line 256.
(pdftex.def)             Requested size: 56.9055pt x 56.90614pt.
File: slices/cristal_SSH_t10.png Graphic file (type png)
<use slices/cristal_SSH_t10.png>
Package pdftex.def Info: slices/cristal_SSH_t10.png  used on input line 257.
(pdftex.def)             Requested size: 56.9055pt x 56.90614pt.
File: slices/cimr_SIT_t11.png Graphic file (type png)
<use slices/cimr_SIT_t11.png>
Package pdftex.def Info: slices/cimr_SIT_t11.png  used on input line 260.
(pdftex.def)             Requested size: 56.9055pt x 56.90614pt.
File: slices/cimr_SIC_t11.png Graphic file (type png)
<use slices/cimr_SIC_t11.png>
Package pdftex.def Info: slices/cimr_SIC_t11.png  used on input line 261.
(pdftex.def)             Requested size: 56.9055pt x 56.90614pt.
File: slices/cimr_SIT_t11.png Graphic file (type png)
<use slices/cimr_SIT_t11.png>
Package pdftex.def Info: slices/cimr_SIT_t11.png  used on input line 262.
(pdftex.def)             Requested size: 56.9055pt x 56.90614pt.
File: slices/cristal_SIT_t11.png Graphic file (type png)
<use slices/cristal_SIT_t11.png>
Package pdftex.def Info: slices/cristal_SIT_t11.png  used on input line 263.
(pdftex.def)             Requested size: 56.9055pt x 56.90614pt.
File: slices/cristal_SSH_t11.png Graphic file (type png)
<use slices/cristal_SSH_t11.png>
Package pdftex.def Info: slices/cristal_SSH_t11.png  used on input line 264.
(pdftex.def)             Requested size: 56.9055pt x 56.90614pt.
File: slices/cristal_SIT_t0.png Graphic file (type png)
<use slices/cristal_SIT_t0.png>
Package pdftex.def Info: slices/cristal_SIT_t0.png  used on input line 271.
(pdftex.def)             Requested size: 56.9055pt x 56.90614pt.
File: slices/cimr_SIC_t0.png Graphic file (type png)
<use slices/cimr_SIC_t0.png>
Package pdftex.def Info: slices/cimr_SIC_t0.png  used on input line 272.
(pdftex.def)             Requested size: 56.9055pt x 56.90614pt.
File: slices/cimr_SIT_t0.png Graphic file (type png)
<use slices/cimr_SIT_t0.png>
Package pdftex.def Info: slices/cimr_SIT_t0.png  used on input line 273.
(pdftex.def)             Requested size: 56.9055pt x 56.90614pt.
File: slices/cristal_SIT_t0.png Graphic file (type png)
<use slices/cristal_SIT_t0.png>
Package pdftex.def Info: slices/cristal_SIT_t0.png  used on input line 274.
(pdftex.def)             Requested size: 56.9055pt x 56.90614pt.
File: slices/cristal_SSH_t0.png Graphic file (type png)
<use slices/cristal_SSH_t0.png>
Package pdftex.def Info: slices/cristal_SSH_t0.png  used on input line 275.
(pdftex.def)             Requested size: 56.9055pt x 56.90614pt.
File: slices/cristal_SIT_t1.png Graphic file (type png)
<use slices/cristal_SIT_t1.png>
Package pdftex.def Info: slices/cristal_SIT_t1.png  used on input line 278.
(pdftex.def)             Requested size: 56.9055pt x 56.90614pt.
File: slices/cimr_SIC_t1.png Graphic file (type png)
<use slices/cimr_SIC_t1.png>
Package pdftex.def Info: slices/cimr_SIC_t1.png  used on input line 279.
(pdftex.def)             Requested size: 56.9055pt x 56.90614pt.
File: slices/cimr_SIT_t1.png Graphic file (type png)
<use slices/cimr_SIT_t1.png>
Package pdftex.def Info: slices/cimr_SIT_t1.png  used on input line 280.
(pdftex.def)             Requested size: 56.9055pt x 56.90614pt.
File: slices/cristal_SIT_t1.png Graphic file (type png)
<use slices/cristal_SIT_t1.png>
Package pdftex.def Info: slices/cristal_SIT_t1.png  used on input line 281.
(pdftex.def)             Requested size: 56.9055pt x 56.90614pt.
File: slices/cristal_SSH_t1.png Graphic file (type png)
<use slices/cristal_SSH_t1.png>
Package pdftex.def Info: slices/cristal_SSH_t1.png  used on input line 282.
(pdftex.def)             Requested size: 56.9055pt x 56.90614pt.
File: slices/cristal_SIT_t2.png Graphic file (type png)
<use slices/cristal_SIT_t2.png>
Package pdftex.def Info: slices/cristal_SIT_t2.png  used on input line 285.
(pdftex.def)             Requested size: 56.9055pt x 56.90614pt.
File: slices/cimr_SIC_t2.png Graphic file (type png)
<use slices/cimr_SIC_t2.png>
Package pdftex.def Info: slices/cimr_SIC_t2.png  used on input line 286.
(pdftex.def)             Requested size: 56.9055pt x 56.90614pt.
File: slices/cimr_SIT_t2.png Graphic file (type png)
<use slices/cimr_SIT_t2.png>
Package pdftex.def Info: slices/cimr_SIT_t2.png  used on input line 287.
(pdftex.def)             Requested size: 56.9055pt x 56.90614pt.
File: slices/cristal_SIT_t2.png Graphic file (type png)
<use slices/cristal_SIT_t2.png>
Package pdftex.def Info: slices/cristal_SIT_t2.png  used on input line 288.
(pdftex.def)             Requested size: 56.9055pt x 56.90614pt.
File: slices/cristal_SSH_t2.png Graphic file (type png)
<use slices/cristal_SSH_t2.png>
Package pdftex.def Info: slices/cristal_SSH_t2.png  used on input line 289.
(pdftex.def)             Requested size: 56.9055pt x 56.90614pt.
File: slices/cristal_SIT_t3.png Graphic file (type png)
<use slices/cristal_SIT_t3.png>
Package pdftex.def Info: slices/cristal_SIT_t3.png  used on input line 292.
(pdftex.def)             Requested size: 56.9055pt x 56.90614pt.
File: slices/cimr_SIC_t3.png Graphic file (type png)
<use slices/cimr_SIC_t3.png>
Package pdftex.def Info: slices/cimr_SIC_t3.png  used on input line 293.
(pdftex.def)             Requested size: 56.9055pt x 56.90614pt.
File: slices/cimr_SIT_t3.png Graphic file (type png)
<use slices/cimr_SIT_t3.png>
Package pdftex.def Info: slices/cimr_SIT_t3.png  used on input line 294.
(pdftex.def)             Requested size: 56.9055pt x 56.90614pt.
File: slices/cristal_SIT_t3.png Graphic file (type png)
<use slices/cristal_SIT_t3.png>
Package pdftex.def Info: slices/cristal_SIT_t3.png  used on input line 295.
(pdftex.def)             Requested size: 56.9055pt x 56.90614pt.
File: slices/cristal_SSH_t3.png Graphic file (type png)
<use slices/cristal_SSH_t3.png>
Package pdftex.def Info: slices/cristal_SSH_t3.png  used on input line 296.
(pdftex.def)             Requested size: 56.9055pt x 56.90614pt.
File: slices/cristal_SIT_t4.png Graphic file (type png)
<use slices/cristal_SIT_t4.png>
Package pdftex.def Info: slices/cristal_SIT_t4.png  used on input line 299.
(pdftex.def)             Requested size: 56.9055pt x 56.90614pt.
File: slices/cimr_SIC_t4.png Graphic file (type png)
<use slices/cimr_SIC_t4.png>
Package pdftex.def Info: slices/cimr_SIC_t4.png  used on input line 300.
(pdftex.def)             Requested size: 56.9055pt x 56.90614pt.
File: slices/cimr_SIT_t4.png Graphic file (type png)
<use slices/cimr_SIT_t4.png>
Package pdftex.def Info: slices/cimr_SIT_t4.png  used on input line 301.
(pdftex.def)             Requested size: 56.9055pt x 56.90614pt.
File: slices/cristal_SIT_t4.png Graphic file (type png)
<use slices/cristal_SIT_t4.png>
Package pdftex.def Info: slices/cristal_SIT_t4.png  used on input line 302.
(pdftex.def)             Requested size: 56.9055pt x 56.90614pt.
File: slices/cristal_SSH_t4.png Graphic file (type png)
<use slices/cristal_SSH_t4.png>
Package pdftex.def Info: slices/cristal_SSH_t4.png  used on input line 303.
(pdftex.def)             Requested size: 56.9055pt x 56.90614pt.
File: slices/cristal_SIT_t5.png Graphic file (type png)
<use slices/cristal_SIT_t5.png>
Package pdftex.def Info: slices/cristal_SIT_t5.png  used on input line 306.
(pdftex.def)             Requested size: 56.9055pt x 56.90614pt.
File: slices/cimr_SIC_t5.png Graphic file (type png)
<use slices/cimr_SIC_t5.png>
Package pdftex.def Info: slices/cimr_SIC_t5.png  used on input line 307.
(pdftex.def)             Requested size: 56.9055pt x 56.90614pt.
File: slices/cimr_SIT_t5.png Graphic file (type png)
<use slices/cimr_SIT_t5.png>
Package pdftex.def Info: slices/cimr_SIT_t5.png  used on input line 308.
(pdftex.def)             Requested size: 56.9055pt x 56.90614pt.
File: slices/cristal_SIT_t5.png Graphic file (type png)
<use slices/cristal_SIT_t5.png>
Package pdftex.def Info: slices/cristal_SIT_t5.png  used on input line 309.
(pdftex.def)             Requested size: 56.9055pt x 56.90614pt.
File: slices/cristal_SSH_t5.png Graphic file (type png)
<use slices/cristal_SSH_t5.png>
Package pdftex.def Info: slices/cristal_SSH_t5.png  used on input line 310.
(pdftex.def)             Requested size: 56.9055pt x 56.90614pt.
File: slices/cristal_SIT_t6.png Graphic file (type png)
<use slices/cristal_SIT_t6.png>
Package pdftex.def Info: slices/cristal_SIT_t6.png  used on input line 313.
(pdftex.def)             Requested size: 56.9055pt x 56.90614pt.
File: slices/cimr_SIC_t6.png Graphic file (type png)
<use slices/cimr_SIC_t6.png>
Package pdftex.def Info: slices/cimr_SIC_t6.png  used on input line 314.
(pdftex.def)             Requested size: 56.9055pt x 56.90614pt.
File: slices/cimr_SIT_t6.png Graphic file (type png)
<use slices/cimr_SIT_t6.png>
Package pdftex.def Info: slices/cimr_SIT_t6.png  used on input line 315.
(pdftex.def)             Requested size: 56.9055pt x 56.90614pt.
File: slices/cristal_SIT_t6.png Graphic file (type png)
<use slices/cristal_SIT_t6.png>
Package pdftex.def Info: slices/cristal_SIT_t6.png  used on input line 316.
(pdftex.def)             Requested size: 56.9055pt x 56.90614pt.
File: slices/cristal_SSH_t6.png Graphic file (type png)
<use slices/cristal_SSH_t6.png>
Package pdftex.def Info: slices/cristal_SSH_t6.png  used on input line 317.
(pdftex.def)             Requested size: 56.9055pt x 56.90614pt.
File: slices/cristal_SIT_t7.png Graphic file (type png)
<use slices/cristal_SIT_t7.png>
Package pdftex.def Info: slices/cristal_SIT_t7.png  used on input line 320.
(pdftex.def)             Requested size: 56.9055pt x 56.90614pt.
File: slices/cimr_SIC_t7.png Graphic file (type png)
<use slices/cimr_SIC_t7.png>
Package pdftex.def Info: slices/cimr_SIC_t7.png  used on input line 321.
(pdftex.def)             Requested size: 56.9055pt x 56.90614pt.
File: slices/cimr_SIT_t7.png Graphic file (type png)
<use slices/cimr_SIT_t7.png>
Package pdftex.def Info: slices/cimr_SIT_t7.png  used on input line 322.
(pdftex.def)             Requested size: 56.9055pt x 56.90614pt.
File: slices/cristal_SIT_t7.png Graphic file (type png)
<use slices/cristal_SIT_t7.png>
Package pdftex.def Info: slices/cristal_SIT_t7.png  used on input line 323.
(pdftex.def)             Requested size: 56.9055pt x 56.90614pt.
File: slices/cristal_SSH_t7.png Graphic file (type png)
<use slices/cristal_SSH_t7.png>
Package pdftex.def Info: slices/cristal_SSH_t7.png  used on input line 324.
(pdftex.def)             Requested size: 56.9055pt x 56.90614pt.
File: slices/cristal_SIT_t8.png Graphic file (type png)
<use slices/cristal_SIT_t8.png>
Package pdftex.def Info: slices/cristal_SIT_t8.png  used on input line 327.
(pdftex.def)             Requested size: 56.9055pt x 56.90614pt.
File: slices/cimr_SIC_t8.png Graphic file (type png)
<use slices/cimr_SIC_t8.png>
Package pdftex.def Info: slices/cimr_SIC_t8.png  used on input line 328.
(pdftex.def)             Requested size: 56.9055pt x 56.90614pt.
File: slices/cimr_SIT_t8.png Graphic file (type png)
<use slices/cimr_SIT_t8.png>
Package pdftex.def Info: slices/cimr_SIT_t8.png  used on input line 329.
(pdftex.def)             Requested size: 56.9055pt x 56.90614pt.
File: slices/cristal_SIT_t8.png Graphic file (type png)
<use slices/cristal_SIT_t8.png>
Package pdftex.def Info: slices/cristal_SIT_t8.png  used on input line 330.
(pdftex.def)             Requested size: 56.9055pt x 56.90614pt.
File: slices/cristal_SSH_t8.png Graphic file (type png)
<use slices/cristal_SSH_t8.png>
Package pdftex.def Info: slices/cristal_SSH_t8.png  used on input line 331.
(pdftex.def)             Requested size: 56.9055pt x 56.90614pt.
File: slices/cristal_SIT_t9.png Graphic file (type png)
<use slices/cristal_SIT_t9.png>
Package pdftex.def Info: slices/cristal_SIT_t9.png  used on input line 334.
(pdftex.def)             Requested size: 56.9055pt x 56.90614pt.
File: slices/cimr_SIC_t9.png Graphic file (type png)
<use slices/cimr_SIC_t9.png>
Package pdftex.def Info: slices/cimr_SIC_t9.png  used on input line 335.
(pdftex.def)             Requested size: 56.9055pt x 56.90614pt.
File: slices/cimr_SIT_t9.png Graphic file (type png)
<use slices/cimr_SIT_t9.png>
Package pdftex.def Info: slices/cimr_SIT_t9.png  used on input line 336.
(pdftex.def)             Requested size: 56.9055pt x 56.90614pt.
File: slices/cristal_SIT_t9.png Graphic file (type png)
<use slices/cristal_SIT_t9.png>
Package pdftex.def Info: slices/cristal_SIT_t9.png  used on input line 337.
(pdftex.def)             Requested size: 56.9055pt x 56.90614pt.
File: slices/cristal_SSH_t9.png Graphic file (type png)
<use slices/cristal_SSH_t9.png>
Package pdftex.def Info: slices/cristal_SSH_t9.png  used on input line 338.
(pdftex.def)             Requested size: 56.9055pt x 56.90614pt.
File: slices/cristal_SIT_t10.png Graphic file (type png)
<use slices/cristal_SIT_t10.png>
Package pdftex.def Info: slices/cristal_SIT_t10.png  used on input line 341.
(pdftex.def)             Requested size: 56.9055pt x 56.90614pt.
File: slices/cimr_SIC_t10.png Graphic file (type png)
<use slices/cimr_SIC_t10.png>
Package pdftex.def Info: slices/cimr_SIC_t10.png  used on input line 342.
(pdftex.def)             Requested size: 56.9055pt x 56.90614pt.
File: slices/cimr_SIT_t10.png Graphic file (type png)
<use slices/cimr_SIT_t10.png>
Package pdftex.def Info: slices/cimr_SIT_t10.png  used on input line 343.
(pdftex.def)             Requested size: 56.9055pt x 56.90614pt.
File: slices/cristal_SIT_t10.png Graphic file (type png)
<use slices/cristal_SIT_t10.png>
Package pdftex.def Info: slices/cristal_SIT_t10.png  used on input line 344.
(pdftex.def)             Requested size: 56.9055pt x 56.90614pt.
File: slices/cristal_SSH_t10.png Graphic file (type png)
<use slices/cristal_SSH_t10.png>
Package pdftex.def Info: slices/cristal_SSH_t10.png  used on input line 345.
(pdftex.def)             Requested size: 56.9055pt x 56.90614pt.
File: slices/cristal_SIT_t11.png Graphic file (type png)
<use slices/cristal_SIT_t11.png>
Package pdftex.def Info: slices/cristal_SIT_t11.png  used on input line 348.
(pdftex.def)             Requested size: 56.9055pt x 56.90614pt.
File: slices/cimr_SIC_t11.png Graphic file (type png)
<use slices/cimr_SIC_t11.png>
Package pdftex.def Info: slices/cimr_SIC_t11.png  used on input line 349.
(pdftex.def)             Requested size: 56.9055pt x 56.90614pt.
File: slices/cimr_SIT_t11.png Graphic file (type png)
<use slices/cimr_SIT_t11.png>
Package pdftex.def Info: slices/cimr_SIT_t11.png  used on input line 350.
(pdftex.def)             Requested size: 56.9055pt x 56.90614pt.
File: slices/cristal_SIT_t11.png Graphic file (type png)
<use slices/cristal_SIT_t11.png>
Package pdftex.def Info: slices/cristal_SIT_t11.png  used on input line 351.
(pdftex.def)             Requested size: 56.9055pt x 56.90614pt.
File: slices/cristal_SSH_t11.png Graphic file (type png)
<use slices/cristal_SSH_t11.png>
Package pdftex.def Info: slices/cristal_SSH_t11.png  used on input line 352.
(pdftex.def)             Requested size: 56.9055pt x 56.90614pt.
File: slices/cristal_SSH_t0.png Graphic file (type png)
<use slices/cristal_SSH_t0.png>
Package pdftex.def Info: slices/cristal_SSH_t0.png  used on input line 359.
(pdftex.def)             Requested size: 56.9055pt x 56.90614pt.
File: slices/cimr_SIC_t0.png Graphic file (type png)
<use slices/cimr_SIC_t0.png>
Package pdftex.def Info: slices/cimr_SIC_t0.png  used on input line 360.
(pdftex.def)             Requested size: 56.9055pt x 56.90614pt.
File: slices/cimr_SIT_t0.png Graphic file (type png)
<use slices/cimr_SIT_t0.png>
Package pdftex.def Info: slices/cimr_SIT_t0.png  used on input line 361.
(pdftex.def)             Requested size: 56.9055pt x 56.90614pt.
File: slices/cristal_SIT_t0.png Graphic file (type png)
<use slices/cristal_SIT_t0.png>
Package pdftex.def Info: slices/cristal_SIT_t0.png  used on input line 362.
(pdftex.def)             Requested size: 56.9055pt x 56.90614pt.
File: slices/cristal_SSH_t0.png Graphic file (type png)
<use slices/cristal_SSH_t0.png>
Package pdftex.def Info: slices/cristal_SSH_t0.png  used on input line 363.
(pdftex.def)             Requested size: 56.9055pt x 56.90614pt.
File: slices/cristal_SSH_t1.png Graphic file (type png)
<use slices/cristal_SSH_t1.png>
Package pdftex.def Info: slices/cristal_SSH_t1.png  used on input line 366.
(pdftex.def)             Requested size: 56.9055pt x 56.90614pt.
File: slices/cimr_SIC_t1.png Graphic file (type png)
<use slices/cimr_SIC_t1.png>
Package pdftex.def Info: slices/cimr_SIC_t1.png  used on input line 367.
(pdftex.def)             Requested size: 56.9055pt x 56.90614pt.
File: slices/cimr_SIT_t1.png Graphic file (type png)
<use slices/cimr_SIT_t1.png>
Package pdftex.def Info: slices/cimr_SIT_t1.png  used on input line 368.
(pdftex.def)             Requested size: 56.9055pt x 56.90614pt.
File: slices/cristal_SIT_t1.png Graphic file (type png)
<use slices/cristal_SIT_t1.png>
Package pdftex.def Info: slices/cristal_SIT_t1.png  used on input line 369.
(pdftex.def)             Requested size: 56.9055pt x 56.90614pt.
File: slices/cristal_SSH_t1.png Graphic file (type png)
<use slices/cristal_SSH_t1.png>
Package pdftex.def Info: slices/cristal_SSH_t1.png  used on input line 370.
(pdftex.def)             Requested size: 56.9055pt x 56.90614pt.
File: slices/cristal_SSH_t2.png Graphic file (type png)
<use slices/cristal_SSH_t2.png>
Package pdftex.def Info: slices/cristal_SSH_t2.png  used on input line 373.
(pdftex.def)             Requested size: 56.9055pt x 56.90614pt.
File: slices/cimr_SIC_t2.png Graphic file (type png)
<use slices/cimr_SIC_t2.png>
Package pdftex.def Info: slices/cimr_SIC_t2.png  used on input line 374.
(pdftex.def)             Requested size: 56.9055pt x 56.90614pt.
File: slices/cimr_SIT_t2.png Graphic file (type png)
<use slices/cimr_SIT_t2.png>
Package pdftex.def Info: slices/cimr_SIT_t2.png  used on input line 375.
(pdftex.def)             Requested size: 56.9055pt x 56.90614pt.
File: slices/cristal_SIT_t2.png Graphic file (type png)
<use slices/cristal_SIT_t2.png>
Package pdftex.def Info: slices/cristal_SIT_t2.png  used on input line 376.
(pdftex.def)             Requested size: 56.9055pt x 56.90614pt.
File: slices/cristal_SSH_t2.png Graphic file (type png)
<use slices/cristal_SSH_t2.png>
Package pdftex.def Info: slices/cristal_SSH_t2.png  used on input line 377.
(pdftex.def)             Requested size: 56.9055pt x 56.90614pt.
File: slices/cristal_SSH_t3.png Graphic file (type png)
<use slices/cristal_SSH_t3.png>
Package pdftex.def Info: slices/cristal_SSH_t3.png  used on input line 380.
(pdftex.def)             Requested size: 56.9055pt x 56.90614pt.
File: slices/cimr_SIC_t3.png Graphic file (type png)
<use slices/cimr_SIC_t3.png>
Package pdftex.def Info: slices/cimr_SIC_t3.png  used on input line 381.
(pdftex.def)             Requested size: 56.9055pt x 56.90614pt.
File: slices/cimr_SIT_t3.png Graphic file (type png)
<use slices/cimr_SIT_t3.png>
Package pdftex.def Info: slices/cimr_SIT_t3.png  used on input line 382.
(pdftex.def)             Requested size: 56.9055pt x 56.90614pt.
File: slices/cristal_SIT_t3.png Graphic file (type png)
<use slices/cristal_SIT_t3.png>
Package pdftex.def Info: slices/cristal_SIT_t3.png  used on input line 383.
(pdftex.def)             Requested size: 56.9055pt x 56.90614pt.
File: slices/cristal_SSH_t3.png Graphic file (type png)
<use slices/cristal_SSH_t3.png>
Package pdftex.def Info: slices/cristal_SSH_t3.png  used on input line 384.
(pdftex.def)             Requested size: 56.9055pt x 56.90614pt.
File: slices/cristal_SSH_t4.png Graphic file (type png)
<use slices/cristal_SSH_t4.png>
Package pdftex.def Info: slices/cristal_SSH_t4.png  used on input line 387.
(pdftex.def)             Requested size: 56.9055pt x 56.90614pt.
File: slices/cimr_SIC_t4.png Graphic file (type png)
<use slices/cimr_SIC_t4.png>
Package pdftex.def Info: slices/cimr_SIC_t4.png  used on input line 388.
(pdftex.def)             Requested size: 56.9055pt x 56.90614pt.
File: slices/cimr_SIT_t4.png Graphic file (type png)
<use slices/cimr_SIT_t4.png>
Package pdftex.def Info: slices/cimr_SIT_t4.png  used on input line 389.
(pdftex.def)             Requested size: 56.9055pt x 56.90614pt.
File: slices/cristal_SIT_t4.png Graphic file (type png)
<use slices/cristal_SIT_t4.png>
Package pdftex.def Info: slices/cristal_SIT_t4.png  used on input line 390.
(pdftex.def)             Requested size: 56.9055pt x 56.90614pt.
File: slices/cristal_SSH_t4.png Graphic file (type png)
<use slices/cristal_SSH_t4.png>
Package pdftex.def Info: slices/cristal_SSH_t4.png  used on input line 391.
(pdftex.def)             Requested size: 56.9055pt x 56.90614pt.
File: slices/cristal_SSH_t5.png Graphic file (type png)
<use slices/cristal_SSH_t5.png>
Package pdftex.def Info: slices/cristal_SSH_t5.png  used on input line 394.
(pdftex.def)             Requested size: 56.9055pt x 56.90614pt.
File: slices/cimr_SIC_t5.png Graphic file (type png)
<use slices/cimr_SIC_t5.png>
Package pdftex.def Info: slices/cimr_SIC_t5.png  used on input line 395.
(pdftex.def)             Requested size: 56.9055pt x 56.90614pt.
File: slices/cimr_SIT_t5.png Graphic file (type png)
<use slices/cimr_SIT_t5.png>
Package pdftex.def Info: slices/cimr_SIT_t5.png  used on input line 396.
(pdftex.def)             Requested size: 56.9055pt x 56.90614pt.
File: slices/cristal_SIT_t5.png Graphic file (type png)
<use slices/cristal_SIT_t5.png>
Package pdftex.def Info: slices/cristal_SIT_t5.png  used on input line 397.
(pdftex.def)             Requested size: 56.9055pt x 56.90614pt.
File: slices/cristal_SSH_t5.png Graphic file (type png)
<use slices/cristal_SSH_t5.png>
Package pdftex.def Info: slices/cristal_SSH_t5.png  used on input line 398.
(pdftex.def)             Requested size: 56.9055pt x 56.90614pt.
File: slices/cristal_SSH_t6.png Graphic file (type png)
<use slices/cristal_SSH_t6.png>
Package pdftex.def Info: slices/cristal_SSH_t6.png  used on input line 401.
(pdftex.def)             Requested size: 56.9055pt x 56.90614pt.
File: slices/cimr_SIC_t6.png Graphic file (type png)
<use slices/cimr_SIC_t6.png>
Package pdftex.def Info: slices/cimr_SIC_t6.png  used on input line 402.
(pdftex.def)             Requested size: 56.9055pt x 56.90614pt.
File: slices/cimr_SIT_t6.png Graphic file (type png)
<use slices/cimr_SIT_t6.png>
Package pdftex.def Info: slices/cimr_SIT_t6.png  used on input line 403.
(pdftex.def)             Requested size: 56.9055pt x 56.90614pt.
File: slices/cristal_SIT_t6.png Graphic file (type png)
<use slices/cristal_SIT_t6.png>
Package pdftex.def Info: slices/cristal_SIT_t6.png  used on input line 404.
(pdftex.def)             Requested size: 56.9055pt x 56.90614pt.
File: slices/cristal_SSH_t6.png Graphic file (type png)
<use slices/cristal_SSH_t6.png>
Package pdftex.def Info: slices/cristal_SSH_t6.png  used on input line 405.
(pdftex.def)             Requested size: 56.9055pt x 56.90614pt.
File: slices/cristal_SSH_t7.png Graphic file (type png)
<use slices/cristal_SSH_t7.png>
Package pdftex.def Info: slices/cristal_SSH_t7.png  used on input line 408.
(pdftex.def)             Requested size: 56.9055pt x 56.90614pt.
File: slices/cimr_SIC_t7.png Graphic file (type png)
<use slices/cimr_SIC_t7.png>
Package pdftex.def Info: slices/cimr_SIC_t7.png  used on input line 409.
(pdftex.def)             Requested size: 56.9055pt x 56.90614pt.
File: slices/cimr_SIT_t7.png Graphic file (type png)
<use slices/cimr_SIT_t7.png>
Package pdftex.def Info: slices/cimr_SIT_t7.png  used on input line 410.
(pdftex.def)             Requested size: 56.9055pt x 56.90614pt.
File: slices/cristal_SIT_t7.png Graphic file (type png)
<use slices/cristal_SIT_t7.png>
Package pdftex.def Info: slices/cristal_SIT_t7.png  used on input line 411.
(pdftex.def)             Requested size: 56.9055pt x 56.90614pt.
File: slices/cristal_SSH_t7.png Graphic file (type png)
<use slices/cristal_SSH_t7.png>
Package pdftex.def Info: slices/cristal_SSH_t7.png  used on input line 412.
(pdftex.def)             Requested size: 56.9055pt x 56.90614pt.
File: slices/cristal_SSH_t8.png Graphic file (type png)
<use slices/cristal_SSH_t8.png>
Package pdftex.def Info: slices/cristal_SSH_t8.png  used on input line 415.
(pdftex.def)             Requested size: 56.9055pt x 56.90614pt.
File: slices/cimr_SIC_t8.png Graphic file (type png)
<use slices/cimr_SIC_t8.png>
Package pdftex.def Info: slices/cimr_SIC_t8.png  used on input line 416.
(pdftex.def)             Requested size: 56.9055pt x 56.90614pt.
File: slices/cimr_SIT_t8.png Graphic file (type png)
<use slices/cimr_SIT_t8.png>
Package pdftex.def Info: slices/cimr_SIT_t8.png  used on input line 417.
(pdftex.def)             Requested size: 56.9055pt x 56.90614pt.
File: slices/cristal_SIT_t8.png Graphic file (type png)
<use slices/cristal_SIT_t8.png>
Package pdftex.def Info: slices/cristal_SIT_t8.png  used on input line 418.
(pdftex.def)             Requested size: 56.9055pt x 56.90614pt.
File: slices/cristal_SSH_t8.png Graphic file (type png)
<use slices/cristal_SSH_t8.png>
Package pdftex.def Info: slices/cristal_SSH_t8.png  used on input line 419.
(pdftex.def)             Requested size: 56.9055pt x 56.90614pt.
File: slices/cristal_SSH_t9.png Graphic file (type png)
<use slices/cristal_SSH_t9.png>
Package pdftex.def Info: slices/cristal_SSH_t9.png  used on input line 422.
(pdftex.def)             Requested size: 56.9055pt x 56.90614pt.
File: slices/cimr_SIC_t9.png Graphic file (type png)
<use slices/cimr_SIC_t9.png>
Package pdftex.def Info: slices/cimr_SIC_t9.png  used on input line 423.
(pdftex.def)             Requested size: 56.9055pt x 56.90614pt.
File: slices/cimr_SIT_t9.png Graphic file (type png)
<use slices/cimr_SIT_t9.png>
Package pdftex.def Info: slices/cimr_SIT_t9.png  used on input line 424.
(pdftex.def)             Requested size: 56.9055pt x 56.90614pt.
File: slices/cristal_SIT_t9.png Graphic file (type png)
<use slices/cristal_SIT_t9.png>
Package pdftex.def Info: slices/cristal_SIT_t9.png  used on input line 425.
(pdftex.def)             Requested size: 56.9055pt x 56.90614pt.
File: slices/cristal_SSH_t9.png Graphic file (type png)
<use slices/cristal_SSH_t9.png>
Package pdftex.def Info: slices/cristal_SSH_t9.png  used on input line 426.
(pdftex.def)             Requested size: 56.9055pt x 56.90614pt.
File: slices/cristal_SSH_t10.png Graphic file (type png)
<use slices/cristal_SSH_t10.png>
Package pdftex.def Info: slices/cristal_SSH_t10.png  used on input line 429.
(pdftex.def)             Requested size: 56.9055pt x 56.90614pt.
File: slices/cimr_SIC_t10.png Graphic file (type png)
<use slices/cimr_SIC_t10.png>
Package pdftex.def Info: slices/cimr_SIC_t10.png  used on input line 430.
(pdftex.def)             Requested size: 56.9055pt x 56.90614pt.
File: slices/cimr_SIT_t10.png Graphic file (type png)
<use slices/cimr_SIT_t10.png>
Package pdftex.def Info: slices/cimr_SIT_t10.png  used on input line 431.
(pdftex.def)             Requested size: 56.9055pt x 56.90614pt.
File: slices/cristal_SIT_t10.png Graphic file (type png)
<use slices/cristal_SIT_t10.png>
Package pdftex.def Info: slices/cristal_SIT_t10.png  used on input line 432.
(pdftex.def)             Requested size: 56.9055pt x 56.90614pt.
File: slices/cristal_SSH_t10.png Graphic file (type png)
<use slices/cristal_SSH_t10.png>
Package pdftex.def Info: slices/cristal_SSH_t10.png  used on input line 433.
(pdftex.def)             Requested size: 56.9055pt x 56.90614pt.
File: slices/cristal_SSH_t11.png Graphic file (type png)
<use slices/cristal_SSH_t11.png>
Package pdftex.def Info: slices/cristal_SSH_t11.png  used on input line 436.
(pdftex.def)             Requested size: 56.9055pt x 56.90614pt.
File: slices/cimr_SIC_t11.png Graphic file (type png)
<use slices/cimr_SIC_t11.png>
Package pdftex.def Info: slices/cimr_SIC_t11.png  used on input line 437.
(pdftex.def)             Requested size: 56.9055pt x 56.90614pt.
File: slices/cimr_SIT_t11.png Graphic file (type png)
<use slices/cimr_SIT_t11.png>
Package pdftex.def Info: slices/cimr_SIT_t11.png  used on input line 438.
(pdftex.def)             Requested size: 56.9055pt x 56.90614pt.
File: slices/cristal_SIT_t11.png Graphic file (type png)
<use slices/cristal_SIT_t11.png>
Package pdftex.def Info: slices/cristal_SIT_t11.png  used on input line 439.
(pdftex.def)             Requested size: 56.9055pt x 56.90614pt.
File: slices/cristal_SSH_t11.png Graphic file (type png)
<use slices/cristal_SSH_t11.png>
Package pdftex.def Info: slices/cristal_SSH_t11.png  used on input line 440.
(pdftex.def)             Requested size: 56.9055pt x 56.90614pt.
LaTeX Font Info:    External font `cmex10' loaded for size
(Font)              <7> on input line 445.
LaTeX Font Info:    External font `cmex10' loaded for size
(Font)              <5> on input line 445.

[1

{/var/lib/texmf/fonts/map/pdftex/updmap/pdftex.map} <figures/slices/asip_sic_t0
.png> <figures/slices/cimr_SIC_t0.png> <figures/slices/cimr_SIT_t0.png> <figure
s/slices/cristal_SIT_t0.png> <figures/slices/cristal_SSH_t0.png> <figures/slice
s/asip_sic_t1.png> <figures/slices/cimr_SIC_t1.png> <figures/slices/cimr_SIT_t1
.png> <figures/slices/cristal_SIT_t1.png> <figures/slices/cristal_SSH_t1.png> <
figures/slices/asip_sic_t2.png> <figures/slices/cimr_SIC_t2.png> <figures/slice
s/cimr_SIT_t2.png> <figures/slices/cristal_SIT_t2.png> <figures/slices/cristal_
SSH_t2.png> <figures/slices/asip_sic_t3.png> <figures/slices/cimr_SIC_t3.png> <
figures/slices/cimr_SIT_t3.png> <figures/slices/cristal_SIT_t3.png> <figures/sl
ices/cristal_SSH_t3.png> <figures/slices/asip_sic_t4.png> <figures/slices/cimr_
SIC_t4.png> <figures/slices/cimr_SIT_t4.png> <figures/slices/cristal_SIT_t4.png
> <figures/slices/cristal_SSH_t4.png> <figures/slices/asip_sic_t5.png> <figures
/slices/cimr_SIC_t5.png> <figures/slices/cimr_SIT_t5.png> <figures/slices/crist
al_SIT_t5.png> <figures/slices/cristal_SSH_t5.png> <figures/slices/asip_sic_t6.
png> <figures/slices/cimr_SIC_t6.png> <figures/slices/cimr_SIT_t6.png> <figures
/slices/cristal_SIT_t6.png> <figures/slices/cristal_SSH_t6.png> <figures/slices
/asip_sic_t7.png> <figures/slices/cimr_SIC_t7.png> <figures/slices/cimr_SIT_t7.
png> <figures/slices/cristal_SIT_t7.png> <figures/slices/cristal_SSH_t7.png> <f
igures/slices/asip_sic_t8.png> <figures/slices/cimr_SIC_t8.png> <figures/slices
/cimr_SIT_t8.png> <figures/slices/cristal_SIT_t8.png> <figures/slices/cristal_S
SH_t8.png> <figures/slices/asip_sic_t9.png> <figures/slices/cimr_SIC_t9.png> <f
igures/slices/cimr_SIT_t9.png> <figures/slices/cristal_SIT_t9.png> <figures/sli
ces/cristal_SSH_t9.png> <figures/slices/asip_sic_t10.png> <figures/slices/cimr_
SIC_t10.png> <figures/slices/cimr_SIT_t10.png> <figures/slices/cristal_SIT_t10.
png> <figures/slices/cristal_SSH_t10.png> <figures/slices/asip_sic_t11.png> <fi
gures/slices/cimr_SIC_t11.png> <figures/slices/cimr_SIT_t11.png> <figures/slice
s/cristal_SIT_t11.png> <figures/slices/cristal_SSH_t11.png>]
(figures/tensor_pipeline_3D.aux) ) 
Here is how much of TeX's memory you used:
 12773 strings out of 480247
 269554 string characters out of 5896151
 742957 words of memory out of 5000000
 30461 multiletter control sequences out of 15000+600000
 469259 words of font info for 28 fonts, out of 8000000 for 9000
 14 hyphenation exceptions out of 8191
 115i,7n,118p,432b,629s stack positions out of 5000i,500n,10000p,200000b,80000s
</usr/share/texlive/texmf-dist/fonts/type1/pu
blic/amsfonts/cm/cmmi10.pfb></usr/share/texlive/texmf-dist/fonts/type1/public/a
msfonts/cm/cmr10.pfb></usr/share/texlive/texmf-dist/fonts/type1/public/amsfonts
/cm/cmr7.pfb>
Output written on figures/tensor_pipeline_3D.pdf (1 page, 420913 bytes).
PDF statistics:
 147 PDF objects out of 1000 (max. 8388607)
 17 compressed objects within 1 object stream
 0 named destinations out of 1000 (max. 500000)
 313 words of extra memory for PDF output out of 10000 (max. 10000000)

